Archive member included to satisfy reference by file (symbol)

C:/ST/STM32CubeIDE_1.16.1/STM32CubeIDE/plugins/com.st.stm32cube.ide.mcu.externaltools.gnu-tools-for-stm32.12.3.rel1.win32_1.0.200.202406191623/tools/bin/../lib/gcc/arm-none-eabi/12.3.1/../../../../arm-none-eabi/lib/thumb/v7-m/nofp\libc_nano.a(libc_a-exit.o)
                              C:/ST/STM32CubeIDE_1.16.1/STM32CubeIDE/plugins/com.st.stm32cube.ide.mcu.externaltools.gnu-tools-for-stm32.12.3.rel1.win32_1.0.200.202406191623/tools/bin/../lib/gcc/arm-none-eabi/12.3.1/../../../../arm-none-eabi/lib/thumb/v7-m/nofp/crt0.o (exit)
C:/ST/STM32CubeIDE_1.16.1/STM32CubeIDE/plugins/com.st.stm32cube.ide.mcu.externaltools.gnu-tools-for-stm32.12.3.rel1.win32_1.0.200.202406191623/tools/bin/../lib/gcc/arm-none-eabi/12.3.1/../../../../arm-none-eabi/lib/thumb/v7-m/nofp\libc_nano.a(libc_a-findfp.o)
                              C:/ST/STM32CubeIDE_1.16.1/STM32CubeIDE/plugins/com.st.stm32cube.ide.mcu.externaltools.gnu-tools-for-stm32.12.3.rel1.win32_1.0.200.202406191623/tools/bin/../lib/gcc/arm-none-eabi/12.3.1/../../../../arm-none-eabi/lib/thumb/v7-m/nofp\libc_nano.a(libc_a-exit.o) (__stdio_exit_handler)
C:/ST/STM32CubeIDE_1.16.1/STM32CubeIDE/plugins/com.st.stm32cube.ide.mcu.externaltools.gnu-tools-for-stm32.12.3.rel1.win32_1.0.200.202406191623/tools/bin/../lib/gcc/arm-none-eabi/12.3.1/../../../../arm-none-eabi/lib/thumb/v7-m/nofp\libc_nano.a(libc_a-fwalk.o)
                              C:/ST/STM32CubeIDE_1.16.1/STM32CubeIDE/plugins/com.st.stm32cube.ide.mcu.externaltools.gnu-tools-for-stm32.12.3.rel1.win32_1.0.200.202406191623/tools/bin/../lib/gcc/arm-none-eabi/12.3.1/../../../../arm-none-eabi/lib/thumb/v7-m/nofp\libc_nano.a(libc_a-findfp.o) (_fwalk_sglue)
C:/ST/STM32CubeIDE_1.16.1/STM32CubeIDE/plugins/com.st.stm32cube.ide.mcu.externaltools.gnu-tools-for-stm32.12.3.rel1.win32_1.0.200.202406191623/tools/bin/../lib/gcc/arm-none-eabi/12.3.1/../../../../arm-none-eabi/lib/thumb/v7-m/nofp\libc_nano.a(libc_a-stdio.o)
                              C:/ST/STM32CubeIDE_1.16.1/STM32CubeIDE/plugins/com.st.stm32cube.ide.mcu.externaltools.gnu-tools-for-stm32.12.3.rel1.win32_1.0.200.202406191623/tools/bin/../lib/gcc/arm-none-eabi/12.3.1/../../../../arm-none-eabi/lib/thumb/v7-m/nofp\libc_nano.a(libc_a-findfp.o) (__sread)
C:/ST/STM32CubeIDE_1.16.1/STM32CubeIDE/plugins/com.st.stm32cube.ide.mcu.externaltools.gnu-tools-for-stm32.12.3.rel1.win32_1.0.200.202406191623/tools/bin/../lib/gcc/arm-none-eabi/12.3.1/../../../../arm-none-eabi/lib/thumb/v7-m/nofp\libc_nano.a(libc_a-memset.o)
                              C:/ST/STM32CubeIDE_1.16.1/STM32CubeIDE/plugins/com.st.stm32cube.ide.mcu.externaltools.gnu-tools-for-stm32.12.3.rel1.win32_1.0.200.202406191623/tools/bin/../lib/gcc/arm-none-eabi/12.3.1/../../../../arm-none-eabi/lib/thumb/v7-m/nofp/crt0.o (memset)
C:/ST/STM32CubeIDE_1.16.1/STM32CubeIDE/plugins/com.st.stm32cube.ide.mcu.externaltools.gnu-tools-for-stm32.12.3.rel1.win32_1.0.200.202406191623/tools/bin/../lib/gcc/arm-none-eabi/12.3.1/../../../../arm-none-eabi/lib/thumb/v7-m/nofp\libc_nano.a(libc_a-closer.o)
                              C:/ST/STM32CubeIDE_1.16.1/STM32CubeIDE/plugins/com.st.stm32cube.ide.mcu.externaltools.gnu-tools-for-stm32.12.3.rel1.win32_1.0.200.202406191623/tools/bin/../lib/gcc/arm-none-eabi/12.3.1/../../../../arm-none-eabi/lib/thumb/v7-m/nofp\libc_nano.a(libc_a-stdio.o) (_close_r)
C:/ST/STM32CubeIDE_1.16.1/STM32CubeIDE/plugins/com.st.stm32cube.ide.mcu.externaltools.gnu-tools-for-stm32.12.3.rel1.win32_1.0.200.202406191623/tools/bin/../lib/gcc/arm-none-eabi/12.3.1/../../../../arm-none-eabi/lib/thumb/v7-m/nofp\libc_nano.a(libc_a-reent.o)
                              C:/ST/STM32CubeIDE_1.16.1/STM32CubeIDE/plugins/com.st.stm32cube.ide.mcu.externaltools.gnu-tools-for-stm32.12.3.rel1.win32_1.0.200.202406191623/tools/bin/../lib/gcc/arm-none-eabi/12.3.1/../../../../arm-none-eabi/lib/thumb/v7-m/nofp\libc_nano.a(libc_a-closer.o) (errno)
C:/ST/STM32CubeIDE_1.16.1/STM32CubeIDE/plugins/com.st.stm32cube.ide.mcu.externaltools.gnu-tools-for-stm32.12.3.rel1.win32_1.0.200.202406191623/tools/bin/../lib/gcc/arm-none-eabi/12.3.1/../../../../arm-none-eabi/lib/thumb/v7-m/nofp\libc_nano.a(libc_a-impure.o)
                              C:/ST/STM32CubeIDE_1.16.1/STM32CubeIDE/plugins/com.st.stm32cube.ide.mcu.externaltools.gnu-tools-for-stm32.12.3.rel1.win32_1.0.200.202406191623/tools/bin/../lib/gcc/arm-none-eabi/12.3.1/../../../../arm-none-eabi/lib/thumb/v7-m/nofp\libc_nano.a(libc_a-reent.o) (_impure_ptr)
C:/ST/STM32CubeIDE_1.16.1/STM32CubeIDE/plugins/com.st.stm32cube.ide.mcu.externaltools.gnu-tools-for-stm32.12.3.rel1.win32_1.0.200.202406191623/tools/bin/../lib/gcc/arm-none-eabi/12.3.1/../../../../arm-none-eabi/lib/thumb/v7-m/nofp\libc_nano.a(libc_a-lseekr.o)
[...]
Memory Configuration

Name             Origin             Length             Attributes
RAM              0x20000000         0x00005000         xrw
FLASH            0x08000000         0x00010000         xr
*default*        0x00000000         0xffffffff

Linker script and memory map

LOAD C:/ST/STM32CubeIDE_1.16.1/STM32CubeIDE/plugins/com.st.stm32cube.ide.mcu.externaltools.gnu-tools-for-stm32.12.3.rel1.win32_1.0.200.202406191623/tools/bin/../lib/gcc/arm-none-eabi/12.3.1/thumb/v7-m/nofp/crti.o
LOAD C:/ST/STM32CubeIDE_1.16.1/STM32CubeIDE/plugins/com.st.stm32cube.ide.mcu.externaltools.gnu-tools-for-stm32.12.3.rel1.win32_1.0.200.202406191623/tools/bin/../lib/gcc/arm-none-eabi/12.3.1/thumb/v7-m/nofp/crtbegin.o
LOAD C:/ST/STM32CubeIDE_1.16.1/STM32CubeIDE/plugins/com.st.stm32cube.ide.mcu.externaltools.gnu-tools-for-stm32.12.3.rel1.win32_1.0.200.202406191623/tools/bin/../lib/gcc/arm-none-eabi/12.3.1/../../../../arm-none-eabi/lib/thumb/v7-m/nofp/crt0.o
LOAD ./Core/Inc/dwt_stm32_delay.o
LOAD ./Core/Src/main.o
LOAD ./Core/Src/stm32f1xx_hal_msp.o
LOAD ./Core/Src/stm32f1xx_it.o
LOAD ./Core/Src/syscalls.o
LOAD ./Core/Src/sysmem.o
LOAD ./Core/Src/system_stm32f1xx.o
LOAD ./Core/Startup/startup_stm32f103c8tx.o
LOAD ./Drivers/STM32F1xx_HAL_Driver/Src/stm32f1xx_hal.o
LOAD ./Drivers/STM32F1xx_HAL_Driver/Src/stm32f1xx_hal_adc.o
LOAD ./Drivers/STM32F1xx_HAL_Driver/Src/stm32f1xx_hal_adc_ex.o
LOAD ./Drivers/STM32F1xx_HAL_Driver/Src/stm32f1xx_hal_cortex.o
LOAD ./Drivers/STM32F1xx_HAL_Driver/Src/stm32f1xx_hal_dma.o
LOAD ./Drivers/STM32F1xx_HAL_Driver/Src/stm32f1xx_hal_exti.o
LOAD ./Drivers/STM32F1xx_HAL_Driver/Src/stm32f1xx_hal_flash.o
LOAD ./Drivers/STM32F1xx_HAL_Driver/Src/stm32f1xx_hal_flash_ex.o
LOAD ./Drivers/STM32F1xx_HAL_Driver/Src/stm32f1xx_hal_gpio.o
LOAD ./Drivers/STM32F1xx_HAL_Driver/Src/stm32f1xx_hal_gpio_ex.o
LOAD ./Drivers/STM32F1xx_HAL_Driver/Src/stm32f1xx_hal_pcd.o
LOAD ./Drivers/STM32F1xx_HAL_Driver/Src/stm32f1xx_hal_pcd_ex.o
LOAD ./Drivers/STM32F1xx_HAL_Driver/Src/stm32f1xx_hal_pwr.o
LOAD ./Drivers/STM32F1xx_HAL_Driver/Src/stm32f1xx_hal_rcc.o
LOAD ./Drivers/STM32F1xx_HAL_Driver/Src/stm32f1xx_hal_rcc_ex.o
LOAD ./Drivers/STM32F1xx_HAL_Driver/Src/stm32f1xx_hal_tim.o
LOAD ./Drivers/STM32F1xx_HAL_Driver/Src/stm32f1xx_hal_tim_ex.o
LOAD ./Drivers/STM32F1xx_HAL_Driver/Src/stm32f1xx_ll_usb.o
LOAD ./Middlewares/ST/STM32_USB_Device_Library/Class/CDC/Src/usbd_cdc.o
LOAD ./Middlewares/ST/STM32_USB_Device_Library/Core/Src/usbd_core.o
LOAD ./Middlewares/ST/STM32_USB_Device_Library/Core/Src/usbd_ctlreq.o
LOAD ./Middlewares/ST/STM32_USB_Device_Library/Core/Src/usbd_ioreq.o
LOAD ./USB_DEVICE/App/usb_device.o
LOAD ./USB_DEVICE/App/usbd_cdc_if.o
LOAD ./USB_DEVICE/App/usbd_desc.o
LOAD ./USB_DEVICE/Target/usbd_conf.o
START GROUP
LOAD C:/ST/STM32CubeIDE_1.16.1/STM32CubeIDE/plugins/com.st.stm32cube.ide.mcu.externaltools.gnu-tools-for-stm32.12.3.rel1.win32_1.0.200.202406191623/tools/bin/../lib/gcc/arm-none-eabi/12.3.1/../../../../arm-none-eabi/lib/thumb/v7-m/nofp\libc_nano.a
LOAD C:/ST/STM32CubeIDE_1.16.1/STM32CubeIDE/plugins/com.st.stm32cube.ide.mcu.externaltools.gnu-tools-for-stm32.12.3.rel1.win32_1.0.200.202406191623/tools/bin/../lib/gcc/arm-none-eabi/12.3.1/../../../../arm-none-eabi/lib/thumb/v7-m/nofp\libm.a
END GROUP
START GROUP
LOAD C:/ST/STM32CubeIDE_1.16.1/STM32CubeIDE/plugins/com.st.stm32cube.ide.mcu.externaltools.gnu-tools-for-stm32.12.3.rel1.win32_1.0.200.202406191623/tools/bin/../lib/gcc/arm-none-eabi/12.3.1/thumb/v7-m/nofp\libgcc.a
LOAD C:/ST/STM32CubeIDE_1.16.1/STM32CubeIDE/plugins/com.st.stm32cube.ide.mcu.externaltools.gnu-tools-for-stm32.12.3.rel1.win32_1.0.200.202406191623/tools/bin/../lib/gcc/arm-none-eabi/12.3.1/../../../../arm-none-eabi/lib/thumb/v7-m/nofp\libc_nano.a
END GROUP
START GROUP
LOAD C:/ST/STM32CubeIDE_1.16.1/STM32CubeIDE/plugins/com.st.stm32cube.ide.mcu.externaltools.gnu-tools-for-stm32.12.3.rel1.win32_1.0.200.202406191623/tools/bin/../lib/gcc/arm-none-eabi/12.3.1/thumb/v7-m/nofp\libgcc.a
LOAD C:/ST/STM32CubeIDE_1.16.1/STM32CubeIDE/plugins/com.st.stm32cube.ide.mcu.externaltools.gnu-tools-for-stm32.12.3.rel1.win32_1.0.200.202406191623/tools/bin/../lib/gcc/arm-none-eabi/12.3.1/../../../../arm-none-eabi/lib/thumb/v7-m/nofp\libc_nano.a
LOAD C:/ST/STM32CubeIDE_1.16.1/STM32CubeIDE/plugins/com.st.stm32cube.ide.mcu.externaltools.gnu-tools-for-stm32.12.3.rel1.win32_1.0.200.202406191623/tools/bin/../lib/gcc/arm-none-eabi/12.3.1/../../../../arm-none-eabi/lib/thumb/v7-m/nofp\libnosys.a
END GROUP
START GROUP
LOAD C:/ST/STM32CubeIDE_1.16.1/STM32CubeIDE/plugins/com.st.stm32cube.ide.mcu.externaltools.gnu-tools-for-stm32.12.3.rel1.win32_1.0.200.202406191623/tools/bin/../lib/gcc/arm-none-eabi/12.3.1/thumb/v7-m/nofp\libgcc.a
LOAD C:/ST/STM32CubeIDE_1.16.1/STM32CubeIDE/plugins/com.st.stm32cube.ide.mcu.externaltools.gnu-tools-for-stm32.12.3.rel1.win32_1.0.200.202406191623/tools/bin/../lib/gcc/arm-none-eabi/12.3.1/../../../../arm-none-eabi/lib/thumb/v7-m/nofp\libc_nano.a
LOAD C:/ST/STM32CubeIDE_1.16.1/STM32CubeIDE/plugins/com.st.stm32cube.ide.mcu.externaltools.gnu-tools-for-stm32.12.3.rel1.win32_1.0.200.202406191623/tools/bin/../lib/gcc/arm-none-eabi/12.3.1/../../../../arm-none-eabi/lib/thumb/v7-m/nofp\libnosys.a
END GROUP
LOAD C:/ST/STM32CubeIDE_1.16.1/STM32CubeIDE/plugins/com.st.stm32cube.ide.mcu.externaltools.gnu-tools-for-stm32.12.3.rel1.win32_1.0.200.202406191623/tools/bin/../lib/gcc/arm-none-eabi/12.3.1/thumb/v7-m/nofp/crtend.o
LOAD C:/ST/STM32CubeIDE_1.16.1/STM32CubeIDE/plugins/com.st.stm32cube.ide.mcu.externaltools.gnu-tools-for-stm32.12.3.rel1.win32_1.0.200.202406191623/tools/bin/../lib/gcc/arm-none-eabi/12.3.1/thumb/v7-m/nofp/crtn.o
                0x20005000                        _estack = (ORIGIN (RAM) + LENGTH (RAM))
                0x00000200                        _Min_Heap_Size = 0x200
                0x00000400                        _Min_Stack_Size = 0x400

.isr_vector     0x08000000      0x10c
                0x08000000                        . = ALIGN (0x4)
 *(.isr_vector)
 .isr_vector    0x08000000      0x10c ./Core/Startup/startup_stm32f103c8tx.o
                0x08000000                g_pfnVectors
                0x0800010c                        . = ALIGN (0x4)

.text           0x0800010c     0x86bc
                0x0800010c                        . = ALIGN (0x4)
 *(.text)
 .text          0x0800010c       0x40 C:/ST/STM32CubeIDE_1.16.1/STM32CubeIDE/plugins/com.st.stm32cube.ide.mcu.externaltools.gnu-tools-for-stm32.12.3.rel1.win32_1.0.200.202406191623/tools/bin/../lib/gcc/arm-none-eabi/12.3.1/thumb/v7-m/nofp/crtbegin.o
 *(.text*)
 .text.us_delay
                0x0800014c       0x3c ./Core/Src/main.o
                0x0800014c                us_delay
 .text.main     0x08000188       0xe4 ./Core/Src/main.o
                0x08000188                main
 .text.SystemClock_Config
                0x0800026c       0xba ./Core/Src/main.o
                0x0800026c                SystemClock_Config
 *fill*         0x08000326        0x2 
 .text.MX_ADC1_Init
                0x08000328       0x7c ./Core/Src/main.o
 .text.MX_TIM2_Init
                0x080003a4       0x98 ./Core/Src/main.o
 .text.MX_GPIO_Init
                0x0800043c       0xdc ./Core/Src/main.o
 .text.Error_Handler
                0x08000518        0xc ./Core/Src/main.o
                0x08000518                Error_Handler
 .text.HAL_MspInit
                0x08000524       0x64 ./Core/Src/stm32f1xx_hal_msp.o
                0x08000524                HAL_MspInit
 .text.HAL_ADC_MspInit
                0x08000588       0x78 ./Core/Src/stm32f1xx_hal_msp.o
                0x08000588                HAL_ADC_MspInit
 .text.HAL_TIM_Base_MspInit
                0x08000600       0x38 ./Core/Src/stm32f1xx_hal_msp.o
                0x08000600                HAL_TIM_Base_MspInit
 .text.NMI_Handler
                0x08000638        0x8 ./Core/Src/stm32f1xx_it.o
                0x08000638                NMI_Handler
 .text.HardFault_Handler
                0x08000640        0x8 ./Core/Src/stm32f1xx_it.o
                0x08000640                HardFault_Handler
 .text.MemManage_Handler
                0x08000648        0x8 ./Core/Src/stm32f1xx_it.o
                0x08000648                MemManage_Handler
 .text.BusFault_Handler
                0x08000650        0x8 ./Core/Src/stm32f1xx_it.o
                0x08000650                BusFault_Handler
 .text.UsageFault_Handler
                0x08000658        0x8 ./Core/Src/stm32f1xx_it.o
                0x08000658                UsageFault_Handler
 .text.SVC_Handler
                0x08000660        0xc ./Core/Src/stm32f1xx_it.o
                0x08000660                SVC_Handler
 .text.DebugMon_Handler
                0x0800066c        0xc ./Core/Src/stm32f1xx_it.o
                0x0800066c                DebugMon_Handler
 .text.PendSV_Handler
                0x08000678        0xc ./Core/Src/stm32f1xx_it.o
                0x08000678                PendSV_Handler
 .text.SysTick_Handler
                0x08000684        0xc ./Core/Src/stm32f1xx_it.o
                0x08000684                SysTick_Handler
 .text.USB_LP_CAN1_RX0_IRQHandler
                0x08000690       0x14 ./Core/Src/stm32f1xx_it.o
                0x08000690                USB_LP_CAN1_RX0_IRQHandler
 .text.SystemInit
                0x080006a4        0xc ./Core/Src/system_stm32f1xx.o
                0x080006a4                SystemInit
 .text.Reset_Handler
                0x080006b0       0x48 ./Core/Startup/startup_stm32f103c8tx.o
                0x080006b0                Reset_Handler
 .text.Default_Handler
                0x080006f8        0x2 ./Core/Startup/startup_stm32f103c8tx.o
                0x080006f8                RTC_Alarm_IRQHandler
                0x080006f8                EXTI2_IRQHandler
                0x080006f8                TIM1_CC_IRQHandler
                0x080006f8                PVD_IRQHandler
                0x080006f8                EXTI3_IRQHandler
                0x080006f8                EXTI0_IRQHandler
                0x080006f8                I2C2_EV_IRQHandler
                0x080006f8                ADC1_2_IRQHandler
                0x080006f8                SPI1_IRQHandler
                0x080006f8                TAMPER_IRQHandler
                0x080006f8                DMA1_Channel4_IRQHandler
                0x080006f8                USART3_IRQHandler
                0x080006f8                RTC_IRQHandler
                0x080006f8                DMA1_Channel7_IRQHandler
                0x080006f8                CAN1_RX1_IRQHandler
                0x080006f8                TIM4_IRQHandler
                0x080006f8                I2C1_EV_IRQHandler
                0x080006f8                DMA1_Channel6_IRQHandler
                0x080006f8                TIM3_IRQHandler
                0x080006f8                RCC_IRQHandler
                0x080006f8                TIM1_TRG_COM_IRQHandler
                0x080006f8                DMA1_Channel1_IRQHandler
                0x080006f8                Default_Handler
                0x080006f8                EXTI15_10_IRQHandler
                0x080006f8                EXTI9_5_IRQHandler
                0x080006f8                SPI2_IRQHandler
                0x080006f8                DMA1_Channel5_IRQHandler
                0x080006f8                EXTI4_IRQHandler
                0x080006f8                USB_HP_CAN1_TX_IRQHandler
                0x080006f8                DMA1_Channel3_IRQHandler
                0x080006f8                TIM1_UP_IRQHandler
                0x080006f8                WWDG_IRQHandler
                0x080006f8                TIM2_IRQHandler
                0x080006f8                TIM1_BRK_IRQHandler
                0x080006f8                EXTI1_IRQHandler
                0x080006f8                USART2_IRQHandler
                0x080006f8                I2C2_ER_IRQHandler
                0x080006f8                DMA1_Channel2_IRQHandler
                0x080006f8                CAN1_SCE_IRQHandler
                0x080006f8                FLASH_IRQHandler
                0x080006f8                USART1_IRQHandler
                0x080006f8                I2C1_ER_IRQHandler
                0x080006f8                USBWakeUp_IRQHandler
 *fill*         0x080006fa        0x2 
 .text.HAL_Init
                0x080006fc       0x2c ./Drivers/STM32F1xx_HAL_Driver/Src/stm32f1xx_hal.o
                0x080006fc                HAL_Init
 .text.HAL_InitTick
                0x08000728       0x60 ./Drivers/STM32F1xx_HAL_Driver/Src/stm32f1xx_hal.o
                0x08000728                HAL_InitTick
 .text.HAL_IncTick
                0x08000788       0x24 ./Drivers/STM32F1xx_HAL_Driver/Src/stm32f1xx_hal.o
                0x08000788                HAL_IncTick
 .text.HAL_GetTick
                0x080007ac       0x14 ./Drivers/STM32F1xx_HAL_Driver/Src/stm32f1xx_hal.o
                0x080007ac                HAL_GetTick
 .text.HAL_Delay
                0x080007c0       0x48 ./Drivers/STM32F1xx_HAL_Driver/Src/stm32f1xx_hal.o
                0x080007c0                HAL_Delay
 .text.HAL_ADC_Init
                0x08000808      0x1b0 ./Drivers/STM32F1xx_HAL_Driver/Src/stm32f1xx_hal_adc.o
                0x08000808                HAL_ADC_Init
 .text.HAL_ADC_Start
                0x080009b8      0x15c ./Drivers/STM32F1xx_HAL_Driver/Src/stm32f1xx_hal_adc.o
                0x080009b8                HAL_ADC_Start
 .text.HAL_ADC_PollForConversion
                0x08000b14      0x20c ./Drivers/STM32F1xx_HAL_Driver/Src/stm32f1xx_hal_adc.o
                0x08000b14                HAL_ADC_PollForConversion
 .text.HAL_ADC_GetValue
                0x08000d20       0x18 ./Drivers/STM32F1xx_HAL_Driver/Src/stm32f1xx_hal_adc.o
                0x08000d20                HAL_ADC_GetValue
 .text.HAL_ADC_ConfigChannel
                0x08000d38      0x1f0 ./Drivers/STM32F1xx_HAL_Driver/Src/stm32f1xx_hal_adc.o
                0x08000d38                HAL_ADC_ConfigChannel
 .text.ADC_Enable
                0x08000f28       0xb4 ./Drivers/STM32F1xx_HAL_Driver/Src/stm32f1xx_hal_adc.o
                0x08000f28                ADC_Enable
 .text.ADC_ConversionStop_Disable
                0x08000fdc       0x82 ./Drivers/STM32F1xx_HAL_Driver/Src/stm32f1xx_hal_adc.o
                0x08000fdc                ADC_ConversionStop_Disable
 *fill*         0x0800105e        0x2 
 .text.__NVIC_SetPriorityGrouping
                0x08001060       0x48 ./Drivers/STM32F1xx_HAL_Driver/Src/stm32f1xx_hal_cortex.o
 .text.__NVIC_GetPriorityGrouping
                0x080010a8       0x1c ./Drivers/STM32F1xx_HAL_Driver/Src/stm32f1xx_hal_cortex.o
 .text.__NVIC_EnableIRQ
                0x080010c4       0x38 ./Drivers/STM32F1xx_HAL_Driver/Src/stm32f1xx_hal_cortex.o
 .text.__NVIC_SetPriority
                0x080010fc       0x54 ./Drivers/STM32F1xx_HAL_Driver/Src/stm32f1xx_hal_cortex.o
 .text.NVIC_EncodePriority
                0x08001150       0x64 ./Drivers/STM32F1xx_HAL_Driver/Src/stm32f1xx_hal_cortex.o
 .text.SysTick_Config
                0x080011b4       0x44 ./Drivers/STM32F1xx_HAL_Driver/Src/stm32f1xx_hal_cortex.o
 .text.HAL_NVIC_SetPriorityGrouping
                0x080011f8       0x16 ./Drivers/STM32F1xx_HAL_Driver/Src/stm32f1xx_hal_cortex.o
                0x080011f8                HAL_NVIC_SetPriorityGrouping
 .text.HAL_NVIC_SetPriority
                0x0800120e       0x38 ./Drivers/STM32F1xx_HAL_Driver/Src/stm32f1xx_hal_cortex.o
                0x0800120e                HAL_NVIC_SetPriority
 .text.HAL_NVIC_EnableIRQ
                0x08001246       0x1c ./Drivers/STM32F1xx_HAL_Driver/Src/stm32f1xx_hal_cortex.o
                0x08001246                HAL_NVIC_EnableIRQ
 .text.HAL_SYSTICK_Config
                0x08001262       0x18 ./Drivers/STM32F1xx_HAL_Driver/Src/stm32f1xx_hal_cortex.o
                0x08001262                HAL_SYSTICK_Config
 *fill*         0x0800127a        0x2 
 .text.HAL_GPIO_Init
                0x0800127c      0x308 ./Drivers/STM32F1xx_HAL_Driver/Src/stm32f1xx_hal_gpio.o
                0x0800127c                HAL_GPIO_Init
 .text.HAL_GPIO_WritePin
                0x08001584       0x30 ./Drivers/STM32F1xx_HAL_Driver/Src/stm32f1xx_hal_gpio.o
                0x08001584                HAL_GPIO_WritePin
 .text.HAL_PCD_Init
                0x080015b4      0x1ec ./Drivers/STM32F1xx_HAL_Driver/Src/stm32f1xx_hal_pcd.o
                0x080015b4                HAL_PCD_Init
 .text.HAL_PCD_Start
                0x080017a0       0x4c ./Drivers/STM32F1xx_HAL_Driver/Src/stm32f1xx_hal_pcd.o
                0x080017a0                HAL_PCD_Start
 .text.HAL_PCD_IRQHandler
                0x080017ec      0x260 ./Drivers/STM32F1xx_HAL_Driver/Src/stm32f1xx_hal_pcd.o
                0x080017ec                HAL_PCD_IRQHandler
 .text.HAL_PCD_SetAddress
                0x08001a4c       0x48 ./Drivers/STM32F1xx_HAL_Driver/Src/stm32f1xx_hal_pcd.o
                0x08001a4c                HAL_PCD_SetAddress
 .text.HAL_PCD_EP_Open
                0x08001a94       0xba ./Drivers/STM32F1xx_HAL_Driver/Src/stm32f1xx_hal_pcd.o
                0x08001a94                HAL_PCD_EP_Open
 .text.HAL_PCD_EP_Close
                0x08001b4e       0x90 ./Drivers/STM32F1xx_HAL_Driver/Src/stm32f1xx_hal_pcd.o
                0x08001b4e                HAL_PCD_EP_Close
 .text.HAL_PCD_EP_Receive
                0x08001bde       0x62 ./Drivers/STM32F1xx_HAL_Driver/Src/stm32f1xx_hal_pcd.o
                0x08001bde                HAL_PCD_EP_Receive
 .text.HAL_PCD_EP_GetRxCount
                0x08001c40       0x2e ./Drivers/STM32F1xx_HAL_Driver/Src/stm32f1xx_hal_pcd.o
                0x08001c40                HAL_PCD_EP_GetRxCount
 .text.HAL_PCD_EP_Transmit
                0x08001c6e       0x6e ./Drivers/STM32F1xx_HAL_Driver/Src/stm32f1xx_hal_pcd.o
                0x08001c6e                HAL_PCD_EP_Transmit
 .text.HAL_PCD_EP_SetStall
                0x08001cdc       0xc0 ./Drivers/STM32F1xx_HAL_Driver/Src/stm32f1xx_hal_pcd.o
                0x08001cdc                HAL_PCD_EP_SetStall
 .text.HAL_PCD_EP_ClrStall
                0x08001d9c       0xa8 ./Drivers/STM32F1xx_HAL_Driver/Src/stm32f1xx_hal_pcd.o
                0x08001d9c                HAL_PCD_EP_ClrStall
 .text.PCD_EP_ISR_Handler
                0x08001e44      0x79e ./Drivers/STM32F1xx_HAL_Driver/Src/stm32f1xx_hal_pcd.o
 .text.HAL_PCD_EP_DB_Receive
                0x080025e2      0x21a ./Drivers/STM32F1xx_HAL_Driver/Src/stm32f1xx_hal_pcd.o
 .text.HAL_PCD_EP_DB_Transmit
                0x080027fc      0x7f4 ./Drivers/STM32F1xx_HAL_Driver/Src/stm32f1xx_hal_pcd.o
 .text.HAL_PCDEx_PMAConfig
                0x08002ff0       0x84 ./Drivers/STM32F1xx_HAL_Driver/Src/stm32f1xx_hal_pcd_ex.o
                0x08002ff0                HAL_PCDEx_PMAConfig
 .text.HAL_RCC_OscConfig
                0x08003074      0x504 ./Drivers/STM32F1xx_HAL_Driver/Src/stm32f1xx_hal_rcc.o
                0x08003074                HAL_RCC_OscConfig
 .text.HAL_RCC_ClockConfig
                0x08003578      0x1d4 ./Drivers/STM32F1xx_HAL_Driver/Src/stm32f1xx_hal_rcc.o
                0x08003578                HAL_RCC_ClockConfig
 .text.HAL_RCC_GetSysClockFreq
                0x0800374c       0xa8 ./Drivers/STM32F1xx_HAL_Driver/Src/stm32f1xx_hal_rcc.o
                0x0800374c                HAL_RCC_GetSysClockFreq
 .text.HAL_RCC_GetHCLKFreq
                0x080037f4       0x14 ./Drivers/STM32F1xx_HAL_Driver/Src/stm32f1xx_hal_rcc.o
                0x080037f4                HAL_RCC_GetHCLKFreq
 .text.HAL_RCC_GetPCLK2Freq
                0x08003808       0x28 ./Drivers/STM32F1xx_HAL_Driver/Src/stm32f1xx_hal_rcc.o
                0x08003808                HAL_RCC_GetPCLK2Freq
 .text.RCC_Delay
                0x08003830       0x3c ./Drivers/STM32F1xx_HAL_Driver/Src/stm32f1xx_hal_rcc.o
 .text.HAL_RCCEx_PeriphCLKConfig
                0x0800386c      0x16c ./Drivers/STM32F1xx_HAL_Driver/Src/stm32f1xx_hal_rcc_ex.o
                0x0800386c                HAL_RCCEx_PeriphCLKConfig
 .text.HAL_RCCEx_GetPeriphCLKFreq
                0x080039d8      0x16c ./Drivers/STM32F1xx_HAL_Driver/Src/stm32f1xx_hal_rcc_ex.o
                0x080039d8                HAL_RCCEx_GetPeriphCLKFreq
 .text.HAL_TIM_Base_Init
                0x08003b44       0x9e ./Drivers/STM32F1xx_HAL_Driver/Src/stm32f1xx_hal_tim.o
                0x08003b44                HAL_TIM_Base_Init
 *fill*         0x08003be2        0x2 
 .text.HAL_TIM_Base_Start
                0x08003be4       0x94 ./Drivers/STM32F1xx_HAL_Driver/Src/stm32f1xx_hal_tim.o
                0x08003be4                HAL_TIM_Base_Start
 .text.HAL_TIM_ConfigClockSource
                0x08003c78      0x18e ./Drivers/STM32F1xx_HAL_Driver/Src/stm32f1xx_hal_tim.o
                0x08003c78                HAL_TIM_ConfigClockSource
 *fill*         0x08003e06        0x2 
 .text.TIM_Base_SetConfig
                0x08003e08       0xdc ./Drivers/STM32F1xx_HAL_Driver/Src/stm32f1xx_hal_tim.o
                0x08003e08                TIM_Base_SetConfig
 .text.TIM_TI1_ConfigInputStage
                0x08003ee4       0x5c ./Drivers/STM32F1xx_HAL_Driver/Src/stm32f1xx_hal_tim.o
 .text.TIM_TI2_ConfigInputStage
                0x08003f40       0x5e ./Drivers/STM32F1xx_HAL_Driver/Src/stm32f1xx_hal_tim.o
 .text.TIM_ITRx_SetConfig
                0x08003f9e       0x34 ./Drivers/STM32F1xx_HAL_Driver/Src/stm32f1xx_hal_tim.o
 .text.TIM_ETR_SetConfig
                0x08003fd2       0x3e ./Drivers/STM32F1xx_HAL_Driver/Src/stm32f1xx_hal_tim.o
                0x08003fd2                TIM_ETR_SetConfig
 .text.HAL_TIMEx_MasterConfigSynchronization
                0x08004010       0xbc ./Drivers/STM32F1xx_HAL_Driver/Src/stm32f1xx_hal_tim_ex.o
                0x08004010                HAL_TIMEx_MasterConfigSynchronization
 .text.USB_CoreInit
                0x080040cc       0x1a ./Drivers/STM32F1xx_HAL_Driver/Src/stm32f1xx_ll_usb.o
                0x080040cc                USB_CoreInit
 .text.USB_EnableGlobalInt
                0x080040e6       0x2c ./Drivers/STM32F1xx_HAL_Driver/Src/stm32f1xx_ll_usb.o
                0x080040e6                USB_EnableGlobalInt
 .text.USB_DisableGlobalInt
                0x08004112       0x34 ./Drivers/STM32F1xx_HAL_Driver/Src/stm32f1xx_ll_usb.o
                0x08004112                USB_DisableGlobalInt
 .text.USB_SetCurrentMode
                0x08004146       0x18 ./Drivers/STM32F1xx_HAL_Driver/Src/stm32f1xx_ll_usb.o
                0x08004146                USB_SetCurrentMode
 .text.USB_DevInit
                0x0800415e       0x3a ./Drivers/STM32F1xx_HAL_Driver/Src/stm32f1xx_ll_usb.o
                0x0800415e                USB_DevInit
 .text.USB_ActivateEndpoint
                0x08004198      0x780 ./Drivers/STM32F1xx_HAL_Driver/Src/stm32f1xx_ll_usb.o
                0x08004198                USB_ActivateEndpoint
 .text.USB_DeactivateEndpoint
                0x08004918      0x3d8 ./Drivers/STM32F1xx_HAL_Driver/Src/stm32f1xx_ll_usb.o
                0x08004918                USB_DeactivateEndpoint
 .text.USB_EPStartXfer
                0x08004cf0     0x1762 ./Drivers/STM32F1xx_HAL_Driver/Src/stm32f1xx_ll_usb.o
                0x08004cf0                USB_EPStartXfer
 .text.USB_EPSetStall
                0x08006452       0xa0 ./Drivers/STM32F1xx_HAL_Driver/Src/stm32f1xx_ll_usb.o
                0x08006452                USB_EPSetStall
 .text.USB_EPClearStall
                0x080064f2      0x15a ./Drivers/STM32F1xx_HAL_Driver/Src/stm32f1xx_ll_usb.o
                0x080064f2                USB_EPClearStall
 .text.USB_SetDevAddress
                0x0800664c       0x26 ./Drivers/STM32F1xx_HAL_Driver/Src/stm32f1xx_ll_usb.o
                0x0800664c                USB_SetDevAddress
 .text.USB_DevConnect
                0x08006672       0x14 ./Drivers/STM32F1xx_HAL_Driver/Src/stm32f1xx_ll_usb.o
                0x08006672                USB_DevConnect
 .text.USB_DevDisconnect
                0x08006686       0x14 ./Drivers/STM32F1xx_HAL_Driver/Src/stm32f1xx_ll_usb.o
                0x08006686                USB_DevDisconnect
 .text.USB_ReadInterrupts
                0x0800669a       0x1e ./Drivers/STM32F1xx_HAL_Driver/Src/stm32f1xx_ll_usb.o
                0x0800669a                USB_ReadInterrupts
 .text.USB_EP0_OutStart
                0x080066b8       0x16 ./Drivers/STM32F1xx_HAL_Driver/Src/stm32f1xx_ll_usb.o
                0x080066b8                USB_EP0_OutStart
 .text.USB_WritePMA
                0x080066ce       0x8a ./Drivers/STM32F1xx_HAL_Driver/Src/stm32f1xx_ll_usb.o
                0x080066ce                USB_WritePMA
 .text.USB_ReadPMA
                0x08006758       0x9e ./Drivers/STM32F1xx_HAL_Driver/Src/stm32f1xx_ll_usb.o
                0x08006758                USB_ReadPMA
 .text.USBD_CDC_Init
                0x080067f6       0xf4 ./Middlewares/ST/STM32_USB_Device_Library/Class/CDC/Src/usbd_cdc.o
 .text.USBD_CDC_DeInit
                0x080068ea       0x6e ./Middlewares/ST/STM32_USB_Device_Library/Class/CDC/Src/usbd_cdc.o
 .text.USBD_CDC_Setup
                0x08006958      0x146 ./Middlewares/ST/STM32_USB_Device_Library/Class/CDC/Src/usbd_cdc.o
 .text.USBD_CDC_DataIn
                0x08006a9e       0xa6 ./Middlewares/ST/STM32_USB_Device_Library/Class/CDC/Src/usbd_cdc.o
 .text.USBD_CDC_DataOut
                0x08006b44       0x56 ./Middlewares/ST/STM32_USB_Device_Library/Class/CDC/Src/usbd_cdc.o
 .text.USBD_CDC_EP0_RxReady
                0x08006b9a       0x4e ./Middlewares/ST/STM32_USB_Device_Library/Class/CDC/Src/usbd_cdc.o
 .text.USBD_CDC_GetFSCfgDesc
                0x08006be8       0x20 ./Middlewares/ST/STM32_USB_Device_Library/Class/CDC/Src/usbd_cdc.o
 .text.USBD_CDC_GetHSCfgDesc
                0x08006c08       0x20 ./Middlewares/ST/STM32_USB_Device_Library/Class/CDC/Src/usbd_cdc.o
 .text.USBD_CDC_GetOtherSpeedCfgDesc
                0x08006c28       0x20 ./Middlewares/ST/STM32_USB_Device_Library/Class/CDC/Src/usbd_cdc.o
 .text.USBD_CDC_GetDeviceQualifierDescriptor
                0x08006c48       0x20 ./Middlewares/ST/STM32_USB_Device_Library/Class/CDC/Src/usbd_cdc.o
                0x08006c48                USBD_CDC_GetDeviceQualifierDescriptor
 .text.USBD_CDC_RegisterInterface
                0x08006c68       0x2c ./Middlewares/ST/STM32_USB_Device_Library/Class/CDC/Src/usbd_cdc.o
                0x08006c68                USBD_CDC_RegisterInterface
 .text.USBD_CDC_SetTxBuffer
                0x08006c94       0x32 ./Middlewares/ST/STM32_USB_Device_Library/Class/CDC/Src/usbd_cdc.o
                0x08006c94                USBD_CDC_SetTxBuffer
 .text.USBD_CDC_SetRxBuffer
                0x08006cc6       0x26 ./Middlewares/ST/STM32_USB_Device_Library/Class/CDC/Src/usbd_cdc.o
                0x08006cc6                USBD_CDC_SetRxBuffer
 .text.USBD_CDC_ReceivePacket
                0x08006cec       0x54 ./Middlewares/ST/STM32_USB_Device_Library/Class/CDC/Src/usbd_cdc.o
                0x08006cec                USBD_CDC_ReceivePacket
 .text.USBD_Init
                0x08006d40       0x56 ./Middlewares/ST/STM32_USB_Device_Library/Core/Src/usbd_core.o
                0x08006d40                USBD_Init
 .text.USBD_RegisterClass
                0x08006d96       0x32 ./Middlewares/ST/STM32_USB_Device_Library/Core/Src/usbd_core.o
                0x08006d96                USBD_RegisterClass
 .text.USBD_Start
                0x08006dc8       0x18 ./Middlewares/ST/STM32_USB_Device_Library/Core/Src/usbd_core.o
                0x08006dc8                USBD_Start
 .text.USBD_RunTestMode
                0x08006de0       0x14 ./Middlewares/ST/STM32_USB_Device_Library/Core/Src/usbd_core.o
                0x08006de0                USBD_RunTestMode
 .text.USBD_SetClassConfig
                0x08006df4       0x3e ./Middlewares/ST/STM32_USB_Device_Library/Core/Src/usbd_core.o
                0x08006df4                USBD_SetClassConfig
 .text.USBD_ClrClassConfig
                0x08006e32       0x26 ./Middlewares/ST/STM32_USB_Device_Library/Core/Src/usbd_core.o
                0x08006e32                USBD_ClrClassConfig
 .text.USBD_LL_SetupStage
                0x08006e58       0x9a ./Middlewares/ST/STM32_USB_Device_Library/Core/Src/usbd_core.o
                0x08006e58                USBD_LL_SetupStage
 .text.USBD_LL_DataOutStage
                0x08006ef2       0xe2 ./Middlewares/ST/STM32_USB_Device_Library/Core/Src/usbd_core.o
                0x08006ef2                USBD_LL_DataOutStage
 .text.USBD_LL_DataInStage
                0x08006fd4      0x14a ./Middlewares/ST/STM32_USB_Device_Library/Core/Src/usbd_core.o
                0x08006fd4                USBD_LL_DataInStage
 .text.USBD_LL_Reset
                0x0800711e       0x82 ./Middlewares/ST/STM32_USB_Device_Library/Core/Src/usbd_core.o
                0x0800711e                USBD_LL_Reset
 .text.USBD_LL_SetSpeed
                0x080071a0       0x1e ./Middlewares/ST/STM32_USB_Device_Library/Core/Src/usbd_core.o
                0x080071a0                USBD_LL_SetSpeed
 .text.USBD_LL_Suspend
                0x080071be       0x28 ./Middlewares/ST/STM32_USB_Device_Library/Core/Src/usbd_core.o
                0x080071be                USBD_LL_Suspend
 .text.USBD_LL_Resume
                0x080071e6       0x2a ./Middlewares/ST/STM32_USB_Device_Library/Core/Src/usbd_core.o
                0x080071e6                USBD_LL_Resume
 .text.USBD_LL_SOF
                0x08007210       0x34 ./Middlewares/ST/STM32_USB_Device_Library/Core/Src/usbd_core.o
                0x08007210                USBD_LL_SOF
 .text.USBD_StdDevReq
                0x08007244       0xd4 ./Middlewares/ST/STM32_USB_Device_Library/Core/Src/usbd_ctlreq.o
                0x08007244                USBD_StdDevReq
 .text.USBD_StdItfReq
                0x08007318       0x90 ./Middlewares/ST/STM32_USB_Device_Library/Core/Src/usbd_ctlreq.o
                0x08007318                USBD_StdItfReq
 .text.USBD_StdEPReq
                0x080073a8      0x2c6 ./Middlewares/ST/STM32_USB_Device_Library/Core/Src/usbd_ctlreq.o
                0x080073a8                USBD_StdEPReq
 *fill*         0x0800766e        0x2 
 .text.USBD_GetDescriptor
                0x08007670      0x2d0 ./Middlewares/ST/STM32_USB_Device_Library/Core/Src/usbd_ctlreq.o
 .text.USBD_SetAddress
                0x08007940       0x86 ./Middlewares/ST/STM32_USB_Device_Library/Core/Src/usbd_ctlreq.o
 *fill*         0x080079c6        0x2 
 .text.USBD_SetConfig
                0x080079c8      0x11c ./Middlewares/ST/STM32_USB_Device_Library/Core/Src/usbd_ctlreq.o
 .text.USBD_GetConfig
                0x08007ae4       0x6a ./Middlewares/ST/STM32_USB_Device_Library/Core/Src/usbd_ctlreq.o
 .text.USBD_GetStatus
                0x08007b4e       0x66 ./Middlewares/ST/STM32_USB_Device_Library/Core/Src/usbd_ctlreq.o
 .text.USBD_SetFeature
                0x08007bb4       0x28 ./Middlewares/ST/STM32_USB_Device_Library/Core/Src/usbd_ctlreq.o
 .text.USBD_ClrFeature
                0x08007bdc       0x42 ./Middlewares/ST/STM32_USB_Device_Library/Core/Src/usbd_ctlreq.o
 .text.USBD_ParseSetupRequest
                0x08007c1e       0x72 ./Middlewares/ST/STM32_USB_Device_Library/Core/Src/usbd_ctlreq.o
                0x08007c1e                USBD_ParseSetupRequest
 .text.USBD_CtlError
                0x08007c90       0x22 ./Middlewares/ST/STM32_USB_Device_Library/Core/Src/usbd_ctlreq.o
                0x08007c90                USBD_CtlError
 .text.USBD_GetString
                0x08007cb2       0x84 ./Middlewares/ST/STM32_USB_Device_Library/Core/Src/usbd_ctlreq.o
                0x08007cb2                USBD_GetString
 .text.USBD_GetLen
                0x08007d36       0x2e ./Middlewares/ST/STM32_USB_Device_Library/Core/Src/usbd_ctlreq.o
 .text.USBD_CtlSendData
                0x08007d64       0x38 ./Middlewares/ST/STM32_USB_Device_Library/Core/Src/usbd_ioreq.o
                0x08007d64                USBD_CtlSendData
 .text.USBD_CtlContinueSendData
                0x08007d9c       0x24 ./Middlewares/ST/STM32_USB_Device_Library/Core/Src/usbd_ioreq.o
                0x08007d9c                USBD_CtlContinueSendData
 .text.USBD_CtlPrepareRx
                0x08007dc0       0x3c ./Middlewares/ST/STM32_USB_Device_Library/Core/Src/usbd_ioreq.o
                0x08007dc0                USBD_CtlPrepareRx
 .text.USBD_CtlContinueRx
                0x08007dfc       0x24 ./Middlewares/ST/STM32_USB_Device_Library/Core/Src/usbd_ioreq.o
                0x08007dfc                USBD_CtlContinueRx
 .text.USBD_CtlSendStatus
                0x08007e20       0x26 ./Middlewares/ST/STM32_USB_Device_Library/Core/Src/usbd_ioreq.o
                0x08007e20                USBD_CtlSendStatus
 .text.USBD_CtlReceiveStatus
                0x08007e46       0x26 ./Middlewares/ST/STM32_USB_Device_Library/Core/Src/usbd_ioreq.o
                0x08007e46                USBD_CtlReceiveStatus
 .text.MX_USB_DEVICE_Init
                0x08007e6c       0x60 ./USB_DEVICE/App/usb_device.o
                0x08007e6c                MX_USB_DEVICE_Init
 .text.CDC_Init_FS
                0x08007ecc       0x28 ./USB_DEVICE/App/usbd_cdc_if.o
 .text.CDC_DeInit_FS
                0x08007ef4        0xe ./USB_DEVICE/App/usbd_cdc_if.o
 *fill*         0x08007f02        0x2 
 .text.CDC_Control_FS
                0x08007f04       0xbc ./USB_DEVICE/App/usbd_cdc_if.o
 .text.CDC_Receive_FS
                0x08007fc0       0x28 ./USB_DEVICE/App/usbd_cdc_if.o
 .text.USBD_FS_DeviceDescriptor
                0x08007fe8       0x24 ./USB_DEVICE/App/usbd_desc.o
                0x08007fe8                USBD_FS_DeviceDescriptor
 .text.USBD_FS_LangIDStrDescriptor
                0x0800800c       0x24 ./USB_DEVICE/App/usbd_desc.o
                0x0800800c                USBD_FS_LangIDStrDescriptor
 .text.USBD_FS_ProductStrDescriptor
                0x08008030       0x3c ./USB_DEVICE/App/usbd_desc.o
                0x08008030                USBD_FS_ProductStrDescriptor
 .text.USBD_FS_ManufacturerStrDescriptor
                0x0800806c       0x28 ./USB_DEVICE/App/usbd_desc.o
                0x0800806c                USBD_FS_ManufacturerStrDescriptor
 .text.USBD_FS_SerialStrDescriptor
                0x08008094       0x24 ./USB_DEVICE/App/usbd_desc.o
                0x08008094                USBD_FS_SerialStrDescriptor
 .text.USBD_FS_ConfigStrDescriptor
                0x080080b8       0x3c ./USB_DEVICE/App/usbd_desc.o
                0x080080b8                USBD_FS_ConfigStrDescriptor
 .text.USBD_FS_InterfaceStrDescriptor
                0x080080f4       0x3c ./USB_DEVICE/App/usbd_desc.o
                0x080080f4                USBD_FS_InterfaceStrDescriptor
 .text.Get_SerialNum
                0x08008130       0x58 ./USB_DEVICE/App/usbd_desc.o
 .text.IntToUnicode
                0x08008188       0x7c ./USB_DEVICE/App/usbd_desc.o
 .text.HAL_PCD_MspInit
                0x08008204       0x4c ./USB_DEVICE/Target/usbd_conf.o
                0x08008204                HAL_PCD_MspInit
 .text.HAL_PCD_SetupStageCallback
                0x08008250       0x24 ./USB_DEVICE/Target/usbd_conf.o
                0x08008250                HAL_PCD_SetupStageCallback
 .text.HAL_PCD_DataOutStageCallback
                0x08008274       0x36 ./USB_DEVICE/Target/usbd_conf.o
                0x08008274                HAL_PCD_DataOutStageCallback
 .text.HAL_PCD_DataInStageCallback
                0x080082aa       0x34 ./USB_DEVICE/Target/usbd_conf.o
                0x080082aa                HAL_PCD_DataInStageCallback
 .text.HAL_PCD_SOFCallback
                0x080082de       0x1c ./USB_DEVICE/Target/usbd_conf.o
                0x080082de                HAL_PCD_SOFCallback
 .text.HAL_PCD_ResetCallback
                0x080082fa       0x3c ./USB_DEVICE/Target/usbd_conf.o
                0x080082fa                HAL_PCD_ResetCallback
 *fill*         0x08008336        0x2 
 .text.HAL_PCD_SuspendCallback
                0x08008338       0x34 ./USB_DEVICE/Target/usbd_conf.o
                0x08008338                HAL_PCD_SuspendCallback
 .text.HAL_PCD_ResumeCallback
                0x0800836c       0x1c ./USB_DEVICE/Target/usbd_conf.o
                0x0800836c                HAL_PCD_ResumeCallback
 .text.USBD_LL_Init
                0x08008388       0xb4 ./USB_DEVICE/Target/usbd_conf.o
                0x08008388                USBD_LL_Init
 .text.USBD_LL_Start
                0x0800843c       0x36 ./USB_DEVICE/Target/usbd_conf.o
                0x0800843c                USBD_LL_Start
 .text.USBD_LL_OpenEP
                0x08008472       0x4c ./USB_DEVICE/Target/usbd_conf.o
                0x08008472                USBD_LL_OpenEP
 .text.USBD_LL_CloseEP
                0x080084be       0x3e ./USB_DEVICE/Target/usbd_conf.o
                0x080084be                USBD_LL_CloseEP
 .text.USBD_LL_StallEP
                0x080084fc       0x3e ./USB_DEVICE/Target/usbd_conf.o
                0x080084fc                USBD_LL_StallEP
 .text.USBD_LL_ClearStallEP
                0x0800853a       0x3e ./USB_DEVICE/Target/usbd_conf.o
                0x0800853a                USBD_LL_ClearStallEP
 .text.USBD_LL_IsStallEP
                0x08008578       0x56 ./USB_DEVICE/Target/usbd_conf.o
                0x08008578                USBD_LL_IsStallEP
 .text.USBD_LL_SetUSBAddress
                0x080085ce       0x3e ./USB_DEVICE/Target/usbd_conf.o
                0x080085ce                USBD_LL_SetUSBAddress
 .text.USBD_LL_Transmit
                0x0800860c       0x46 ./USB_DEVICE/Target/usbd_conf.o
                0x0800860c                USBD_LL_Transmit
 .text.USBD_LL_PrepareReceive
                0x08008652       0x46 ./USB_DEVICE/Target/usbd_conf.o
                0x08008652                USBD_LL_PrepareReceive
 .text.USBD_LL_GetRxDataSize
                0x08008698       0x26 ./USB_DEVICE/Target/usbd_conf.o
                0x08008698                USBD_LL_GetRxDataSize
 *fill*         0x080086be        0x2 
 .text.USBD_static_malloc
                0x080086c0       0x18 ./USB_DEVICE/Target/usbd_conf.o
                0x080086c0                USBD_static_malloc
 .text.USBD_static_free
                0x080086d8       0x12 ./USB_DEVICE/Target/usbd_conf.o
                0x080086d8                USBD_static_free
 .text.HAL_PCDEx_SetConnectionState
                0x080086ea       0x16 ./USB_DEVICE/Target/usbd_conf.o
                0x080086ea                HAL_PCDEx_SetConnectionState
 .text.USBD_Get_USB_Status
                0x08008700       0x58 ./USB_DEVICE/Target/usbd_conf.o
 .text.memset   0x08008758       0x10 C:/ST/STM32CubeIDE_1.16.1/STM32CubeIDE/plugins/com.st.stm32cube.ide.mcu.externaltools.gnu-tools-for-stm32.12.3.rel1.win32_1.0.200.202406191623/tools/bin/../lib/gcc/arm-none-eabi/12.3.1/../../../../arm-none-eabi/lib/thumb/v7-m/nofp\libc_nano.a(libc_a-memset.o)
                0x08008758                memset
 .text.__libc_init_array
                0x08008768       0x48 C:/ST/STM32CubeIDE_1.16.1/STM32CubeIDE/plugins/com.st.stm32cube.ide.mcu.externaltools.gnu-tools-for-stm32.12.3.rel1.win32_1.0.200.202406191623/tools/bin/../lib/gcc/arm-none-eabi/12.3.1/../../../../arm-none-eabi/lib/thumb/v7-m/nofp\libc_nano.a(libc_a-init.o)
                0x08008768                __libc_init_array
 *(.glue_7)
 .glue_7        0x080087b0        0x0 linker stubs
 *(.glue_7t)
 .glue_7t       0x080087b0        0x0 linker stubs
 *(.eh_frame)
 .eh_frame      0x080087b0        0x0 C:/ST/STM32CubeIDE_1.16.1/STM32CubeIDE/plugins/com.st.stm32cube.ide.mcu.externaltools.gnu-tools-for-stm32.12.3.rel1.win32_1.0.200.202406191623/tools/bin/../lib/gcc/arm-none-eabi/12.3.1/thumb/v7-m/nofp/crtbegin.o
 *(.init)
 .init          0x080087b0        0x4 C:/ST/STM32CubeIDE_1.16.1/STM32CubeIDE/plugins/com.st.stm32cube.ide.mcu.externaltools.gnu-tools-for-stm32.12.3.rel1.win32_1.0.200.202406191623/tools/bin/../lib/gcc/arm-none-eabi/12.3.1/thumb/v7-m/nofp/crti.o
                0x080087b0                _init
 .init          0x080087b4        0x8 C:/ST/STM32CubeIDE_1.16.1/STM32CubeIDE/plugins/com.st.stm32cube.ide.mcu.externaltools.gnu-tools-for-stm32.12.3.rel1.win32_1.0.200.202406191623/tools/bin/../lib/gcc/arm-none-eabi/12.3.1/thumb/v7-m/nofp/crtn.o
 *(.fini)
 .fini          0x080087bc        0x4 C:/ST/STM32CubeIDE_1.16.1/STM32CubeIDE/plugins/com.st.stm32cube.ide.mcu.externaltools.gnu-tools-for-stm32.12.3.rel1.win32_1.0.200.202406191623/tools/bin/../lib/gcc/arm-none-eabi/12.3.1/thumb/v7-m/nofp/crti.o
                0x080087bc                _fini
 .fini          0x080087c0        0x8 C:/ST/STM32CubeIDE_1.16.1/STM32CubeIDE/plugins/com.st.stm32cube.ide.mcu.externaltools.gnu-tools-for-stm32.12.3.rel1.win32_1.0.200.202406191623/tools/bin/../lib/gcc/arm-none-eabi/12.3.1/thumb/v7-m/nofp/crtn.o
                0x080087c8                        . = ALIGN (0x4)
                0x080087c8                        _etext = .

.vfp11_veneer   0x080087c8        0x0
 .vfp11_veneer  0x080087c8        0x0 linker stubs

.v4_bx          0x080087c8        0x0
 .v4_bx         0x080087c8        0x0 linker stubs

.iplt           0x080087c8        0x0
 .iplt          0x080087c8        0x0 C:/ST/STM32CubeIDE_1.16.1/STM32CubeIDE/plugins/com.st.stm32cube.ide.mcu.externaltools.gnu-tools-for-stm32.12.3.rel1.win32_1.0.200.202406191623/tools/bin/../lib/gcc/arm-none-eabi/12.3.1/thumb/v7-m/nofp/crtbegin.o

.rodata         0x080087c8       0x88
                0x080087c8                        . = ALIGN (0x4)
 *(.rodata)
 .rodata        0x080087c8       0x46 ./USB_DEVICE/App/usbd_desc.o
 *(.rodata*)
 *fill*         0x0800880e        0x2 
 .rodata.AHBPrescTable
                0x08008810       0x10 ./Core/Src/system_stm32f1xx.o
                0x08008810                AHBPrescTable
 .rodata.APBPrescTable
                0x08008820        0x8 ./Core/Src/system_stm32f1xx.o
                0x08008820                APBPrescTable
 .rodata.aPLLMULFactorTable.1
                0x08008828       0x10 ./Drivers/STM32F1xx_HAL_Driver/Src/stm32f1xx_hal_rcc.o
 .rodata.aPredivFactorTable.0
                0x08008838        0x2 ./Drivers/STM32F1xx_HAL_Driver/Src/stm32f1xx_hal_rcc.o
 *fill*         0x0800883a        0x2 
 .rodata.aPLLMULFactorTable.1
                0x0800883c       0x10 ./Drivers/STM32F1xx_HAL_Driver/Src/stm32f1xx_hal_rcc_ex.o
 .rodata.aPredivFactorTable.0
                0x0800884c        0x2 ./Drivers/STM32F1xx_HAL_Driver/Src/stm32f1xx_hal_rcc_ex.o
                0x08008850                        . = ALIGN (0x4)
 *fill*         0x0800884e        0x2 

.ARM.extab      0x08008850        0x0
                0x08008850                        . = ALIGN (0x4)
 *(.ARM.extab* .gnu.linkonce.armextab.*)
                0x08008850                        . = ALIGN (0x4)

.ARM            0x08008850        0x0
                0x08008850                        . = ALIGN (0x4)
                0x08008850                        __exidx_start = .
 *(.ARM.exidx*)
                0x08008850                        __exidx_end = .
                0x08008850                        . = ALIGN (0x4)

.preinit_array  0x08008850        0x0
                0x08008850                        . = ALIGN (0x4)
                0x08008850                        PROVIDE (__preinit_array_start = .)
 *(.preinit_array*)
                0x08008850                        PROVIDE (__preinit_array_end = .)
                0x08008850                        . = ALIGN (0x4)

.init_array     0x08008850        0x4
                0x08008850                        . = ALIGN (0x4)
                0x08008850                        PROVIDE (__init_array_start = .)
 *(SORT_BY_NAME(.init_array.*))
 *(.init_array*)
 .init_array    0x08008850        0x4 C:/ST/STM32CubeIDE_1.16.1/STM32CubeIDE/plugins/com.st.stm32cube.ide.mcu.externaltools.gnu-tools-for-stm32.12.3.rel1.win32_1.0.200.202406191623/tools/bin/../lib/gcc/arm-none-eabi/12.3.1/thumb/v7-m/nofp/crtbegin.o
                0x08008854                        PROVIDE (__init_array_end = .)
                0x08008854                        . = ALIGN (0x4)

.fini_array     0x08008854        0x4
                0x08008854                        . = ALIGN (0x4)
                [!provide]                        PROVIDE (__fini_array_start = .)
 *(SORT_BY_NAME(.fini_array.*))
 *(.fini_array*)
 .fini_array    0x08008854        0x4 C:/ST/STM32CubeIDE_1.16.1/STM32CubeIDE/plugins/com.st.stm32cube.ide.mcu.externaltools.gnu-tools-for-stm32.12.3.rel1.win32_1.0.200.202406191623/tools/bin/../lib/gcc/arm-none-eabi/12.3.1/thumb/v7-m/nofp/crtbegin.o
                [!provide]                        PROVIDE (__fini_array_end = .)
                0x08008858                        . = ALIGN (0x4)
                0x08008858                        _sidata = LOADADDR (.data)

.rel.dyn        0x08008858        0x0
 .rel.iplt      0x08008858        0x0 C:/ST/STM32CubeIDE_1.16.1/STM32CubeIDE/plugins/com.st.stm32cube.ide.mcu.externaltools.gnu-tools-for-stm32.12.3.rel1.win32_1.0.200.202406191623/tools/bin/../lib/gcc/arm-none-eabi/12.3.1/thumb/v7-m/nofp/crtbegin.o

.data           0x20000000      0x17c load address 0x08008858
                0x20000000                        . = ALIGN (0x4)
                0x20000000                        _sdata = .
 *(.data)
 *(.data*)
 .data.SystemCoreClock
                0x20000000        0x4 ./Core/Src/system_stm32f1xx.o
                0x20000000                SystemCoreClock
 .data.uwTickPrio
                0x20000004        0x4 ./Drivers/STM32F1xx_HAL_Driver/Src/stm32f1xx_hal.o
                0x20000004                uwTickPrio
 .data.uwTickFreq
                0x20000008        0x1 ./Drivers/STM32F1xx_HAL_Driver/Src/stm32f1xx_hal.o
                0x20000008                uwTickFreq
 *fill*         0x20000009        0x3 
 .data.USBD_CDC_DeviceQualifierDesc
                0x2000000c        0xa ./Middlewares/ST/STM32_USB_Device_Library/Class/CDC/Src/usbd_cdc.o
 *fill*         0x20000016        0x2 
 .data.USBD_CDC
                0x20000018       0x38 ./Middlewares/ST/STM32_USB_Device_Library/Class/CDC/Src/usbd_cdc.o
                0x20000018                USBD_CDC
 .data.USBD_CDC_CfgHSDesc
                0x20000050       0x43 ./Middlewares/ST/STM32_USB_Device_Library/Class/CDC/Src/usbd_cdc.o
                0x20000050                USBD_CDC_CfgHSDesc
 *fill*         0x20000093        0x1 
 .data.USBD_CDC_CfgFSDesc
                0x20000094       0x43 ./Middlewares/ST/STM32_USB_Device_Library/Class/CDC/Src/usbd_cdc.o
                0x20000094                USBD_CDC_CfgFSDesc
 *fill*         0x200000d7        0x1 
 .data.USBD_CDC_OtherSpeedCfgDesc
                0x200000d8       0x43 ./Middlewares/ST/STM32_USB_Device_Library/Class/CDC/Src/usbd_cdc.o
                0x200000d8                USBD_CDC_OtherSpeedCfgDesc
 *fill*         0x2000011b        0x1 
 .data.USBD_Interface_fops_FS
                0x2000011c       0x10 ./USB_DEVICE/App/usbd_cdc_if.o
                0x2000011c                USBD_Interface_fops_FS
 .data.FS_Desc  0x2000012c       0x1c ./USB_DEVICE/App/usbd_desc.o
                0x2000012c                FS_Desc
 .data.USBD_FS_DeviceDesc
                0x20000148       0x12 ./USB_DEVICE/App/usbd_desc.o
                0x20000148                USBD_FS_DeviceDesc
 *fill*         0x2000015a        0x2 
 .data.USBD_LangIDDesc
                0x2000015c        0x4 ./USB_DEVICE/App/usbd_desc.o
                0x2000015c                USBD_LangIDDesc
 .data.USBD_StringSerial
                0x20000160       0x1a ./USB_DEVICE/App/usbd_desc.o
                0x20000160                USBD_StringSerial
 *(.RamFunc)
 *(.RamFunc*)
                0x2000017c                        . = ALIGN (0x4)
 *fill*         0x2000017a        0x2 
                0x2000017c                        _edata = .

.igot.plt       0x2000017c        0x0 load address 0x080089d4
 .igot.plt      0x2000017c        0x0 C:/ST/STM32CubeIDE_1.16.1/STM32CubeIDE/plugins/com.st.stm32cube.ide.mcu.externaltools.gnu-tools-for-stm32.12.3.rel1.win32_1.0.200.202406191623/tools/bin/../lib/gcc/arm-none-eabi/12.3.1/thumb/v7-m/nofp/crtbegin.o
                0x2000017c                        . = ALIGN (0x4)

.bss            0x2000017c     0x125c load address 0x080089d4
                0x2000017c                        _sbss = .
                0x2000017c                        __bss_start__ = _sbss
 *(.bss)
 .bss           0x2000017c       0x1c C:/ST/STM32CubeIDE_1.16.1/STM32CubeIDE/plugins/com.st.stm32cube.ide.mcu.externaltools.gnu-tools-for-stm32.12.3.rel1.win32_1.0.200.202406191623/tools/bin/../lib/gcc/arm-none-eabi/12.3.1/thumb/v7-m/nofp/crtbegin.o
 *(.bss*)
 .bss.hadc1     0x20000198       0x30 ./Core/Src/main.o
                0x20000198                hadc1
 .bss.htim2     0x200001c8       0x48 ./Core/Src/main.o
                0x200001c8                htim2
 .bss.ValPot    0x20000210        0x2 ./Core/Src/main.o
                0x20000210                ValPot
 *fill*         0x20000212        0x2 
 .bss.uwTick    0x20000214        0x4 ./Drivers/STM32F1xx_HAL_Driver/Src/stm32f1xx_hal.o
                0x20000214                uwTick
 .bss.cfgidx.0  0x20000218        0x1 ./Middlewares/ST/STM32_USB_Device_Library/Core/Src/usbd_ctlreq.o
 *fill*         0x20000219        0x3 
 .bss.hUsbDeviceFS
                0x2000021c      0x2c4 ./USB_DEVICE/App/usb_device.o
                0x2000021c                hUsbDeviceFS
 .bss.UserRxBufferFS
                0x200004e0      0x400 ./USB_DEVICE/App/usbd_cdc_if.o
                0x200004e0                UserRxBufferFS
 .bss.UserTxBufferFS
                0x200008e0      0x400 ./USB_DEVICE/App/usbd_cdc_if.o
                0x200008e0                UserTxBufferFS
 .bss.USBD_StrDesc
                0x20000ce0      0x200 ./USB_DEVICE/App/usbd_desc.o
                0x20000ce0                USBD_StrDesc
 .bss.hpcd_USB_FS
                0x20000ee0      0x2d8 ./USB_DEVICE/Target/usbd_conf.o
                0x20000ee0                hpcd_USB_FS
 .bss.mem.0     0x200011b8      0x220 ./USB_DEVICE/Target/usbd_conf.o
 *(COMMON)
                0x200013d8                        . = ALIGN (0x4)
                0x200013d8                        _ebss = .
                0x200013d8                        __bss_end__ = _ebss

._user_heap_stack
                0x200013d8      0x600 load address 0x080089d4
                0x200013d8                        . = ALIGN (0x8)
                [!provide]                        PROVIDE (end = .)
                0x200013d8                        PROVIDE (_end = .)
                0x200015d8                        . = (. + _Min_Heap_Size)
 *fill*         0x200013d8      0x200 
                0x200019d8                        . = (. + _Min_Stack_Size)
 *fill*         0x200015d8      0x400 
                0x200019d8                        . = ALIGN (0x8)

/DISCARD/
 libc.a(*)
 libm.a(*)
 libgcc.a(*)

.ARM.attributes
                0x00000000       0x29
 *(.ARM.attributes)
 .ARM.attributes
                0x00000000       0x1d C:/ST/STM32CubeIDE_1.16.1/STM32CubeIDE/plugins/com.st.stm32cube.ide.mcu.externaltools.gnu-tools-for-stm32.12.3.rel1.win32_1.0.200.202406191623/tools/bin/../lib/gcc/arm-none-eabi/12.3.1/thumb/v7-m/nofp/crti.o
 .ARM.attributes
                0x0000001d       0x2d C:/ST/STM32CubeIDE_1.16.1/STM32CubeIDE/plugins/com.st.stm32cube.ide.mcu.externaltools.gnu-tools-for-stm32.12.3.rel1.win32_1.0.200.202406191623/tools/bin/../lib/gcc/arm-none-eabi/12.3.1/thumb/v7-m/nofp/crtbegin.o
 .ARM.attributes
                0x0000004a       0x2d ./Core/Src/main.o
 .ARM.attributes
                0x00000077       0x2d ./Core/Src/stm32f1xx_hal_msp.o
 .ARM.attributes
                0x000000a4       0x2d ./Core/Src/stm32f1xx_it.o
 .ARM.attributes
                0x000000d1       0x2d ./Core/Src/system_stm32f1xx.o
 .ARM.attributes
                0x000000fe       0x21 ./Core/Startup/startup_stm32f103c8tx.o
 .ARM.attributes
                0x0000011f       0x2d ./Drivers/STM32F1xx_HAL_Driver/Src/stm32f1xx_hal.o
 .ARM.attributes
                0x0000014c       0x2d ./Drivers/STM32F1xx_HAL_Driver/Src/stm32f1xx_hal_adc.o
 .ARM.attributes
                0x00000179       0x2d ./Drivers/STM32F1xx_HAL_Driver/Src/stm32f1xx_hal_cortex.o
 .ARM.attributes
                0x000001a6       0x2d ./Drivers/STM32F1xx_HAL_Driver/Src/stm32f1xx_hal_gpio.o
 .ARM.attributes
                0x000001d3       0x2d ./Drivers/STM32F1xx_HAL_Driver/Src/stm32f1xx_hal_pcd.o
 .ARM.attributes
                0x00000200       0x2d ./Drivers/STM32F1xx_HAL_Driver/Src/stm32f1xx_hal_pcd_ex.o
 .ARM.attributes
                0x0000022d       0x2d ./Drivers/STM32F1xx_HAL_Driver/Src/stm32f1xx_hal_rcc.o
 .ARM.attributes
                0x0000025a       0x2d ./Drivers/STM32F1xx_HAL_Driver/Src/stm32f1xx_hal_rcc_ex.o
 .ARM.attributes
                0x00000287       0x2d ./Drivers/STM32F1xx_HAL_Driver/Src/stm32f1xx_hal_tim.o
 .ARM.attributes
                0x000002b4       0x2d ./Drivers/STM32F1xx_HAL_Driver/Src/stm32f1xx_hal_tim_ex.o
 .ARM.attributes
                0x000002e1       0x2d ./Drivers/STM32F1xx_HAL_Driver/Src/stm32f1xx_ll_usb.o
 .ARM.attributes
                0x0000030e       0x2d ./Middlewares/ST/STM32_USB_Device_Library/Class/CDC/Src/usbd_cdc.o
 .ARM.attributes
                0x0000033b       0x2d ./Middlewares/ST/STM32_USB_Device_Library/Core/Src/usbd_core.o
 .ARM.attributes
                0x00000368       0x2d ./Middlewares/ST/STM32_USB_Device_Library/Core/Src/usbd_ctlreq.o
 .ARM.attributes
                0x00000395       0x2d ./Middlewares/ST/STM32_USB_Device_Library/Core/Src/usbd_ioreq.o
 .ARM.attributes
                0x000003c2       0x2d ./USB_DEVICE/App/usb_device.o
 .ARM.attributes
                0x000003ef       0x2d ./USB_DEVICE/App/usbd_cdc_if.o
 .ARM.attributes
                0x0000041c       0x2d ./USB_DEVICE/App/usbd_desc.o
 .ARM.attributes
                0x00000449       0x2d ./USB_DEVICE/Target/usbd_conf.o
 .ARM.attributes
                0x00000476       0x2d C:/ST/STM32CubeIDE_1.16.1/STM32CubeIDE/plugins/com.st.stm32cube.ide.mcu.externaltools.gnu-tools-for-stm32.12.3.rel1.win32_1.0.200.202406191623/tools/bin/../lib/gcc/arm-none-eabi/12.3.1/../../../../arm-none-eabi/lib/thumb/v7-m/nofp\libc_nano.a(libc_a-memset.o)
 .ARM.attributes
                0x000004a3       0x2d C:/ST/STM32CubeIDE_1.16.1/STM32CubeIDE/plugins/com.st.stm32cube.ide.mcu.externaltools.gnu-tools-for-stm32.12.3.rel1.win32_1.0.200.202406191623/tools/bin/../lib/gcc/arm-none-eabi/12.3.1/../../../../arm-none-eabi/lib/thumb/v7-m/nofp\libc_nano.a(libc_a-init.o)
 .ARM.attributes
                0x000004d0       0x1d C:/ST/STM32CubeIDE_1.16.1/STM32CubeIDE/plugins/com.st.stm32cube.ide.mcu.externaltools.gnu-tools-for-stm32.12.3.rel1.win32_1.0.200.202406191623/tools/bin/../lib/gcc/arm-none-eabi/12.3.1/thumb/v7-m/nofp/crtn.o
OUTPUT(speeduinoBench.elf elf32-littlearm)
LOAD linker stubs
LOAD C:/ST/STM32CubeIDE_1.16.1/STM32CubeIDE/plugins/com.st.stm32cube.ide.mcu.externaltools.gnu-tools-for-stm32.12.3.rel1.win32_1.0.200.202406191623/tools/bin/../lib/gcc/arm-none-eabi/12.3.1/../../../../arm-none-eabi/lib/thumb/v7-m/nofp\libc.a
LOAD C:/ST/STM32CubeIDE_1.16.1/STM32CubeIDE/plugins/com.st.stm32cube.ide.mcu.externaltools.gnu-tools-for-stm32.12.3.rel1.win32_1.0.200.202406191623/tools/bin/../lib/gcc/arm-none-eabi/12.3.1/../../../../arm-none-eabi/lib/thumb/v7-m/nofp\libm.a
LOAD C:/ST/STM32CubeIDE_1.16.1/STM32CubeIDE/plugins/com.st.stm32cube.ide.mcu.externaltools.gnu-tools-for-stm32.12.3.rel1.win32_1.0.200.202406191623/tools/bin/../lib/gcc/arm-none-eabi/12.3.1/thumb/v7-m/nofp\libgcc.a

.debug_info     0x00000000    0x11b43
 .debug_info    0x00000000     0x101c ./Core/Src/main.o
 .debug_info    0x0000101c      0xb4f ./Core/Src/stm32f1xx_hal_msp.o
 .debug_info    0x00001b6b      0x602 ./Core/Src/stm32f1xx_it.o
 .debug_info    0x0000216d      0x222 ./Core/Src/system_stm32f1xx.o
 .debug_info    0x0000238f       0x30 ./Core/Startup/startup_stm32f103c8tx.o
 .debug_info    0x000023bf      0x704 ./Drivers/STM32F1xx_HAL_Driver/Src/stm32f1xx_hal.o
 .debug_info    0x00002ac3      0xc50 ./Drivers/STM32F1xx_HAL_Driver/Src/stm32f1xx_hal_adc.o
 .debug_info    0x00003713      0xa87 ./Drivers/STM32F1xx_HAL_Driver/Src/stm32f1xx_hal_cortex.o
 .debug_info    0x0000419a      0x5ab ./Drivers/STM32F1xx_HAL_Driver/Src/stm32f1xx_hal_gpio.o
 .debug_info    0x00004745     0x16dc ./Drivers/STM32F1xx_HAL_Driver/Src/stm32f1xx_hal_pcd.o
 .debug_info    0x00005e21      0x6c3 ./Drivers/STM32F1xx_HAL_Driver/Src/stm32f1xx_hal_pcd_ex.o
 .debug_info    0x000064e4      0x7d5 ./Drivers/STM32F1xx_HAL_Driver/Src/stm32f1xx_hal_rcc.o
 .debug_info    0x00006cb9      0x3c0 ./Drivers/STM32F1xx_HAL_Driver/Src/stm32f1xx_hal_rcc_ex.o
 .debug_info    0x00007079     0x2959 ./Drivers/STM32F1xx_HAL_Driver/Src/stm32f1xx_hal_tim.o
 .debug_info    0x000099d2     0x149b ./Drivers/STM32F1xx_HAL_Driver/Src/stm32f1xx_hal_tim_ex.o
 .debug_info    0x0000ae6d     0x17ae ./Drivers/STM32F1xx_HAL_Driver/Src/stm32f1xx_ll_usb.o
 .debug_info    0x0000c61b     0x1043 ./Middlewares/ST/STM32_USB_Device_Library/Class/CDC/Src/usbd_cdc.o
 .debug_info    0x0000d65e      0xa52 ./Middlewares/ST/STM32_USB_Device_Library/Core/Src/usbd_core.o
 .debug_info    0x0000e0b0      0x91c ./Middlewares/ST/STM32_USB_Device_Library/Core/Src/usbd_ctlreq.o
 .debug_info    0x0000e9cc      0x6a0 ./Middlewares/ST/STM32_USB_Device_Library/Core/Src/usbd_ioreq.o
 .debug_info    0x0000f06c      0x63d ./USB_DEVICE/App/usb_device.o
 .debug_info    0x0000f6a9      0x7ec ./USB_DEVICE/App/usbd_cdc_if.o
 .debug_info    0x0000fe95      0x44a ./USB_DEVICE/App/usbd_desc.o
 .debug_info    0x000102df     0x1864 ./USB_DEVICE/Target/usbd_conf.o

.debug_abbrev   0x00000000     0x3269
 .debug_abbrev  0x00000000      0x32e ./Core/Src/main.o
 .debug_abbrev  0x0000032e      0x1d4 ./Core/Src/stm32f1xx_hal_msp.o
 .debug_abbrev  0x00000502      0x192 ./Core/Src/stm32f1xx_it.o
 .debug_abbrev  0x00000694      0x13f ./Core/Src/system_stm32f1xx.o
 .debug_abbrev  0x000007d3       0x24 ./Core/Startup/startup_stm32f103c8tx.o
 .debug_abbrev  0x000007f7      0x201 ./Drivers/STM32F1xx_HAL_Driver/Src/stm32f1xx_hal.o
 .debug_abbrev  0x000009f8      0x225 ./Drivers/STM32F1xx_HAL_Driver/Src/stm32f1xx_hal_adc.o
 .debug_abbrev  0x00000c1d      0x2f8 ./Drivers/STM32F1xx_HAL_Driver/Src/stm32f1xx_hal_cortex.o
 .debug_abbrev  0x00000f15      0x1ca ./Drivers/STM32F1xx_HAL_Driver/Src/stm32f1xx_hal_gpio.o
 .debug_abbrev  0x000010df      0x2d6 ./Drivers/STM32F1xx_HAL_Driver/Src/stm32f1xx_hal_pcd.o
 .debug_abbrev  0x000013b5      0x189 ./Drivers/STM32F1xx_HAL_Driver/Src/stm32f1xx_hal_pcd_ex.o
 .debug_abbrev  0x0000153e      0x2b3 ./Drivers/STM32F1xx_HAL_Driver/Src/stm32f1xx_hal_rcc.o
 .debug_abbrev  0x000017f1      0x188 ./Drivers/STM32F1xx_HAL_Driver/Src/stm32f1xx_hal_rcc_ex.o
 .debug_abbrev  0x00001979      0x277 ./Drivers/STM32F1xx_HAL_Driver/Src/stm32f1xx_hal_tim.o
 .debug_abbrev  0x00001bf0      0x282 ./Drivers/STM32F1xx_HAL_Driver/Src/stm32f1xx_hal_tim_ex.o
 .debug_abbrev  0x00001e72      0x1de ./Drivers/STM32F1xx_HAL_Driver/Src/stm32f1xx_ll_usb.o
 .debug_abbrev  0x00002050      0x2d3 ./Middlewares/ST/STM32_USB_Device_Library/Class/CDC/Src/usbd_cdc.o
 .debug_abbrev  0x00002323      0x24a ./Middlewares/ST/STM32_USB_Device_Library/Core/Src/usbd_core.o
 .debug_abbrev  0x0000256d      0x26b ./Middlewares/ST/STM32_USB_Device_Library/Core/Src/usbd_ctlreq.o
 .debug_abbrev  0x000027d8      0x192 ./Middlewares/ST/STM32_USB_Device_Library/Core/Src/usbd_ioreq.o
 .debug_abbrev  0x0000296a      0x18d ./USB_DEVICE/App/usb_device.o
 .debug_abbrev  0x00002af7      0x25d ./USB_DEVICE/App/usbd_cdc_if.o
 .debug_abbrev  0x00002d54      0x1ff ./USB_DEVICE/App/usbd_desc.o
 .debug_abbrev  0x00002f53      0x316 ./USB_DEVICE/Target/usbd_conf.o

.debug_aranges  0x00000000     0x10d8
 .debug_aranges
                0x00000000       0x58 ./Core/Src/main.o
 .debug_aranges
                0x00000058       0x40 ./Core/Src/stm32f1xx_hal_msp.o
 .debug_aranges
                0x00000098       0x68 ./Core/Src/stm32f1xx_it.o
 .debug_aranges
                0x00000100       0x28 ./Core/Src/system_stm32f1xx.o
 .debug_aranges
                0x00000128       0x28 ./Core/Startup/startup_stm32f103c8tx.o
 .debug_aranges
                0x00000150       0xe0 ./Drivers/STM32F1xx_HAL_Driver/Src/stm32f1xx_hal.o
 .debug_aranges
                0x00000230       0xf0 ./Drivers/STM32F1xx_HAL_Driver/Src/stm32f1xx_hal_adc.o
 .debug_aranges
                0x00000320      0x100 ./Drivers/STM32F1xx_HAL_Driver/Src/stm32f1xx_hal_cortex.o
 .debug_aranges
                0x00000420       0x58 ./Drivers/STM32F1xx_HAL_Driver/Src/stm32f1xx_hal_gpio.o
 .debug_aranges
                0x00000478      0x140 ./Drivers/STM32F1xx_HAL_Driver/Src/stm32f1xx_hal_pcd.o
 .debug_aranges
                0x000005b8       0x38 ./Drivers/STM32F1xx_HAL_Driver/Src/stm32f1xx_hal_pcd_ex.o
 .debug_aranges
                0x000005f0       0x90 ./Drivers/STM32F1xx_HAL_Driver/Src/stm32f1xx_hal_rcc.o
 .debug_aranges
                0x00000680       0x30 ./Drivers/STM32F1xx_HAL_Driver/Src/stm32f1xx_hal_rcc_ex.o
 .debug_aranges
                0x000006b0      0x3d0 ./Drivers/STM32F1xx_HAL_Driver/Src/stm32f1xx_hal_tim.o
 .debug_aranges
                0x00000a80      0x168 ./Drivers/STM32F1xx_HAL_Driver/Src/stm32f1xx_hal_tim_ex.o
 .debug_aranges
                0x00000be8       0xf8 ./Drivers/STM32F1xx_HAL_Driver/Src/stm32f1xx_ll_usb.o
 .debug_aranges
                0x00000ce0       0x90 ./Middlewares/ST/STM32_USB_Device_Library/Class/CDC/Src/usbd_cdc.o
 .debug_aranges
                0x00000d70       0xb8 ./Middlewares/ST/STM32_USB_Device_Library/Core/Src/usbd_core.o
 .debug_aranges
                0x00000e28       0x88 ./Middlewares/ST/STM32_USB_Device_Library/Core/Src/usbd_ctlreq.o
 .debug_aranges
                0x00000eb0       0x50 ./Middlewares/ST/STM32_USB_Device_Library/Core/Src/usbd_ioreq.o
 .debug_aranges
                0x00000f00       0x20 ./USB_DEVICE/App/usb_device.o
 .debug_aranges
                0x00000f20       0x40 ./USB_DEVICE/App/usbd_cdc_if.o
 .debug_aranges
                0x00000f60       0x60 ./USB_DEVICE/App/usbd_desc.o
 .debug_aranges
                0x00000fc0      0x118 ./USB_DEVICE/Target/usbd_conf.o

.debug_rnglists
                0x00000000      0xcc6
 .debug_rnglists
                0x00000000       0x41 ./Core/Src/main.o
 .debug_rnglists
                0x00000041       0x2b ./Core/Src/stm32f1xx_hal_msp.o
 .debug_rnglists
                0x0000006c       0x49 ./Core/Src/stm32f1xx_it.o
 .debug_rnglists
                0x000000b5       0x1a ./Core/Src/system_stm32f1xx.o
 .debug_rnglists
                0x000000cf       0x19 ./Core/Startup/startup_stm32f103c8tx.o
 .debug_rnglists
                0x000000e8       0xa3 ./Drivers/STM32F1xx_HAL_Driver/Src/stm32f1xx_hal.o
 .debug_rnglists
                0x0000018b       0xbc ./Drivers/STM32F1xx_HAL_Driver/Src/stm32f1xx_hal_adc.o
 .debug_rnglists
                0x00000247       0xbb ./Drivers/STM32F1xx_HAL_Driver/Src/stm32f1xx_hal_cortex.o
 .debug_rnglists
                0x00000302       0x3f ./Drivers/STM32F1xx_HAL_Driver/Src/stm32f1xx_hal_gpio.o
 .debug_rnglists
                0x00000341       0xf4 ./Drivers/STM32F1xx_HAL_Driver/Src/stm32f1xx_hal_pcd.o
 .debug_rnglists
                0x00000435       0x26 ./Drivers/STM32F1xx_HAL_Driver/Src/stm32f1xx_hal_pcd_ex.o
 .debug_rnglists
                0x0000045b       0x6c ./Drivers/STM32F1xx_HAL_Driver/Src/stm32f1xx_hal_rcc.o
 .debug_rnglists
                0x000004c7       0x21 ./Drivers/STM32F1xx_HAL_Driver/Src/stm32f1xx_hal_rcc_ex.o
 .debug_rnglists
                0x000004e8      0x31a ./Drivers/STM32F1xx_HAL_Driver/Src/stm32f1xx_hal_tim.o
 .debug_rnglists
                0x00000802      0x125 ./Drivers/STM32F1xx_HAL_Driver/Src/stm32f1xx_hal_tim_ex.o
 .debug_rnglists
                0x00000927       0xbd ./Drivers/STM32F1xx_HAL_Driver/Src/stm32f1xx_ll_usb.o
 .debug_rnglists
                0x000009e4       0x6a ./Middlewares/ST/STM32_USB_Device_Library/Class/CDC/Src/usbd_cdc.o
 .debug_rnglists
                0x00000a4e       0x89 ./Middlewares/ST/STM32_USB_Device_Library/Core/Src/usbd_core.o
 .debug_rnglists
                0x00000ad7       0x68 ./Middlewares/ST/STM32_USB_Device_Library/Core/Src/usbd_ctlreq.o
 .debug_rnglists
                0x00000b3f       0x37 ./Middlewares/ST/STM32_USB_Device_Library/Core/Src/usbd_ioreq.o
 .debug_rnglists
                0x00000b76       0x13 ./USB_DEVICE/App/usb_device.o
 .debug_rnglists
                0x00000b89       0x2c ./USB_DEVICE/App/usbd_cdc_if.o
 .debug_rnglists
                0x00000bb5       0x43 ./USB_DEVICE/App/usbd_desc.o
 .debug_rnglists
                0x00000bf8       0xce ./USB_DEVICE/Target/usbd_conf.o

.debug_macro    0x00000000     0x4a2d
 .debug_macro   0x00000000      0x344 ./Core/Src/main.o
 .debug_macro   0x00000344       0x1c ./Core/Src/main.o
 .debug_macro   0x00000360       0x61 ./Core/Src/main.o
 .debug_macro   0x000003c1       0x24 ./Core/Src/main.o
 .debug_macro   0x000003e5       0x43 ./Core/Src/main.o
 .debug_macro   0x00000428       0x34 ./Core/Src/main.o
 .debug_macro   0x0000045c       0x16 ./Core/Src/main.o
 .debug_macro   0x00000472       0x35 ./Core/Src/main.o
 .debug_macro   0x000004a7      0x369 ./Core/Src/main.o
 .debug_macro   0x00000810       0x10 ./Core/Src/main.o
 .debug_macro   0x00000820       0x16 ./Core/Src/main.o
 .debug_macro   0x00000836       0x43 ./Core/Src/main.o
 .debug_macro   0x00000879       0x34 ./Core/Src/main.o
 .debug_macro   0x000008ad       0x10 ./Core/Src/main.o
 .debug_macro   0x000008bd       0x58 ./Core/Src/main.o
 .debug_macro   0x00000915       0x8e ./Core/Src/main.o
 .debug_macro   0x000009a3       0x1c ./Core/Src/main.o
 .debug_macro   0x000009bf      0x177 ./Core/Src/main.o
 .debug_macro   0x00000b36       0x16 ./Core/Src/main.o
 .debug_macro   0x00000b4c       0x16 ./Core/Src/main.o
 .debug_macro   0x00000b62      0x146 ./Core/Src/main.o
 .debug_macro   0x00000ca8       0x16 ./Core/Src/main.o
 .debug_macro   0x00000cbe       0x16 ./Core/Src/main.o
 .debug_macro   0x00000cd4       0x29 ./Core/Src/main.o
 .debug_macro   0x00000cfd       0x16 ./Core/Src/main.o
 .debug_macro   0x00000d13       0x20 ./Core/Src/main.o
 .debug_macro   0x00000d33       0x5f ./Core/Src/main.o
 .debug_macro   0x00000d92      0x1c8 ./Core/Src/main.o
 .debug_macro   0x00000f5a      0x1e0 ./Core/Src/stm32f1xx_hal_msp.o
 .debug_macro   0x0000113a      0x1ea ./Core/Src/stm32f1xx_it.o
 .debug_macro   0x00001324      0x1d1 ./Core/Src/system_stm32f1xx.o
 .debug_macro   0x000014f5      0x1f5 ./Drivers/STM32F1xx_HAL_Driver/Src/stm32f1xx_hal.o
 .debug_macro   0x000016ea      0x1ee ./Drivers/STM32F1xx_HAL_Driver/Src/stm32f1xx_hal_adc.o
 .debug_macro   0x000018d8      0x1d1 ./Drivers/STM32F1xx_HAL_Driver/Src/stm32f1xx_hal_cortex.o
 .debug_macro   0x00001aa9      0x23c ./Drivers/STM32F1xx_HAL_Driver/Src/stm32f1xx_hal_gpio.o
 .debug_macro   0x00001ce5      0x1dd ./Drivers/STM32F1xx_HAL_Driver/Src/stm32f1xx_hal_pcd.o
 .debug_macro   0x00001ec2      0x1d1 ./Drivers/STM32F1xx_HAL_Driver/Src/stm32f1xx_hal_pcd_ex.o
 .debug_macro   0x00002093      0x1e3 ./Drivers/STM32F1xx_HAL_Driver/Src/stm32f1xx_hal_rcc.o
 .debug_macro   0x00002276      0x1d1 ./Drivers/STM32F1xx_HAL_Driver/Src/stm32f1xx_hal_rcc_ex.o
 .debug_macro   0x00002447      0x1d2 ./Drivers/STM32F1xx_HAL_Driver/Src/stm32f1xx_hal_tim.o
 .debug_macro   0x00002619      0x1d1 ./Drivers/STM32F1xx_HAL_Driver/Src/stm32f1xx_hal_tim_ex.o
 .debug_macro   0x000027ea      0x1d1 ./Drivers/STM32F1xx_HAL_Driver/Src/stm32f1xx_ll_usb.o
 .debug_macro   0x000029bb      0x36f ./Middlewares/ST/STM32_USB_Device_Library/Class/CDC/Src/usbd_cdc.o
 .debug_macro   0x00002d2a       0x9e ./Middlewares/ST/STM32_USB_Device_Library/Class/CDC/Src/usbd_cdc.o
 .debug_macro   0x00002dc8      0x10b ./Middlewares/ST/STM32_USB_Device_Library/Class/CDC/Src/usbd_cdc.o
 .debug_macro   0x00002ed3       0x56 ./Middlewares/ST/STM32_USB_Device_Library/Class/CDC/Src/usbd_cdc.o
 .debug_macro   0x00002f29       0x8f ./Middlewares/ST/STM32_USB_Device_Library/Class/CDC/Src/usbd_cdc.o
 .debug_macro   0x00002fb8      0x356 ./Middlewares/ST/STM32_USB_Device_Library/Core/Src/usbd_core.o
 .debug_macro   0x0000330e      0x1ce ./Middlewares/ST/STM32_USB_Device_Library/Core/Src/usbd_core.o
 .debug_macro   0x000034dc      0x360 ./Middlewares/ST/STM32_USB_Device_Library/Core/Src/usbd_ctlreq.o
 .debug_macro   0x0000383c      0x35c ./Middlewares/ST/STM32_USB_Device_Library/Core/Src/usbd_ioreq.o
 .debug_macro   0x00003b98      0x38f ./USB_DEVICE/App/usb_device.o
 .debug_macro   0x00003f27       0x22 ./USB_DEVICE/App/usb_device.o
 .debug_macro   0x00003f49       0x22 ./USB_DEVICE/App/usb_device.o
 .debug_macro   0x00003f6b       0x16 ./USB_DEVICE/App/usb_device.o
 .debug_macro   0x00003f81      0x37a ./USB_DEVICE/App/usbd_cdc_if.o
 .debug_macro   0x000042fb       0x10 ./USB_DEVICE/App/usbd_cdc_if.o
 .debug_macro   0x0000430b      0x393 ./USB_DEVICE/App/usbd_desc.o
 .debug_macro   0x0000469e       0x1c ./USB_DEVICE/App/usbd_desc.o
 .debug_macro   0x000046ba      0x373 ./USB_DEVICE/Target/usbd_conf.o

.debug_line     0x00000000    0x14c1d
 .debug_line    0x00000000      0xb67 ./Core/Src/main.o
 .debug_line    0x00000b67      0x7e4 ./Core/Src/stm32f1xx_hal_msp.o
 .debug_line    0x0000134b      0x83f ./Core/Src/stm32f1xx_it.o
 .debug_line    0x00001b8a      0x7e3 ./Core/Src/system_stm32f1xx.o
 .debug_line    0x0000236d       0x78 ./Core/Startup/startup_stm32f103c8tx.o
 .debug_line    0x000023e5      0xa10 ./Drivers/STM32F1xx_HAL_Driver/Src/stm32f1xx_hal.o
 .debug_line    0x00002df5     0x108d ./Drivers/STM32F1xx_HAL_Driver/Src/stm32f1xx_hal_adc.o
 .debug_line    0x00003e82      0xbfc ./Drivers/STM32F1xx_HAL_Driver/Src/stm32f1xx_hal_cortex.o
 .debug_line    0x00004a7e      0xaa9 ./Drivers/STM32F1xx_HAL_Driver/Src/stm32f1xx_hal_gpio.o
 .debug_line    0x00005527     0x1465 ./Drivers/STM32F1xx_HAL_Driver/Src/stm32f1xx_hal_pcd.o
 .debug_line    0x0000698c      0x7de ./Drivers/STM32F1xx_HAL_Driver/Src/stm32f1xx_hal_pcd_ex.o
 .debug_line    0x0000716a      0xe19 ./Drivers/STM32F1xx_HAL_Driver/Src/stm32f1xx_hal_rcc.o
 .debug_line    0x00007f83      0x95a ./Drivers/STM32F1xx_HAL_Driver/Src/stm32f1xx_hal_rcc_ex.o
 .debug_line    0x000088dd     0x3535 ./Drivers/STM32F1xx_HAL_Driver/Src/stm32f1xx_hal_tim.o
 .debug_line    0x0000be12     0x195f ./Drivers/STM32F1xx_HAL_Driver/Src/stm32f1xx_hal_tim_ex.o
 .debug_line    0x0000d771     0x10e1 ./Drivers/STM32F1xx_HAL_Driver/Src/stm32f1xx_ll_usb.o
 .debug_line    0x0000e852      0xd68 ./Middlewares/ST/STM32_USB_Device_Library/Class/CDC/Src/usbd_cdc.o
 .debug_line    0x0000f5ba      0xde4 ./Middlewares/ST/STM32_USB_Device_Library/Core/Src/usbd_core.o
 .debug_line    0x0001039e     0x1024 ./Middlewares/ST/STM32_USB_Device_Library/Core/Src/usbd_ctlreq.o
 .debug_line    0x000113c2      0xa7a ./Middlewares/ST/STM32_USB_Device_Library/Core/Src/usbd_ioreq.o
 .debug_line    0x00011e3c      0xa3a ./USB_DEVICE/App/usb_device.o
 .debug_line    0x00012876      0xa82 ./USB_DEVICE/App/usbd_cdc_if.o
 .debug_line    0x000132f8      0xb03 ./USB_DEVICE/App/usbd_desc.o
 .debug_line    0x00013dfb      0xe22 ./USB_DEVICE/Target/usbd_conf.o

.debug_str      0x00000000    0x91a63
 .debug_str     0x00000000    0x8d6f1 ./Core/Src/main.o
                              0x8db96 (size before relaxing)
 .debug_str     0x0008d6f1       0xc7 ./Core/Src/stm32f1xx_hal_msp.o
                              0x895a5 (size before relaxing)
 .debug_str     0x0008d7b8      0x3d8 ./Core/Src/stm32f1xx_it.o
                              0x892d1 (size before relaxing)
 .debug_str     0x0008db90       0x7e ./Core/Src/system_stm32f1xx.o
                              0x88ebe (size before relaxing)
 .debug_str     0x0008dc0e       0x44 ./Core/Startup/startup_stm32f103c8tx.o
                                 0x88 (size before relaxing)
 .debug_str     0x0008dc52      0x607 ./Drivers/STM32F1xx_HAL_Driver/Src/stm32f1xx_hal.o
                              0x895f1 (size before relaxing)
 .debug_str     0x0008e259      0x361 ./Drivers/STM32F1xx_HAL_Driver/Src/stm32f1xx_hal_adc.o
                              0x895a2 (size before relaxing)
 .debug_str     0x0008e5ba      0x293 ./Drivers/STM32F1xx_HAL_Driver/Src/stm32f1xx_hal_cortex.o
                              0x8953d (size before relaxing)
 .debug_str     0x0008e84d      0x2e6 ./Drivers/STM32F1xx_HAL_Driver/Src/stm32f1xx_hal_gpio.o
                              0x89244 (size before relaxing)
 .debug_str     0x0008eb33      0x5bd ./Drivers/STM32F1xx_HAL_Driver/Src/stm32f1xx_hal_pcd.o
                              0x897db (size before relaxing)
 .debug_str     0x0008f0f0      0x170 ./Drivers/STM32F1xx_HAL_Driver/Src/stm32f1xx_hal_pcd_ex.o
                              0x8933d (size before relaxing)
 .debug_str     0x0008f260      0x229 ./Drivers/STM32F1xx_HAL_Driver/Src/stm32f1xx_hal_rcc.o
                              0x892ed (size before relaxing)
 .debug_str     0x0008f489       0x84 ./Drivers/STM32F1xx_HAL_Driver/Src/stm32f1xx_hal_rcc_ex.o
                              0x8903d (size before relaxing)
 .debug_str     0x0008f50d      0xdfa ./Drivers/STM32F1xx_HAL_Driver/Src/stm32f1xx_hal_tim.o
                              0x8a2ef (size before relaxing)
 .debug_str     0x00090307      0x493 ./Drivers/STM32F1xx_HAL_Driver/Src/stm32f1xx_hal_tim_ex.o
                              0x89afb (size before relaxing)
 .debug_str     0x0009079a      0x129 ./Drivers/STM32F1xx_HAL_Driver/Src/stm32f1xx_ll_usb.o
                              0x8938f (size before relaxing)
 .debug_str     0x000908c3      0x967 ./Middlewares/ST/STM32_USB_Device_Library/Class/CDC/Src/usbd_cdc.o
                              0x8dde6 (size before relaxing)
 .debug_str     0x0009122a      0x281 ./Middlewares/ST/STM32_USB_Device_Library/Core/Src/usbd_core.o
                              0x8d716 (size before relaxing)
 .debug_str     0x000914ab      0x120 ./Middlewares/ST/STM32_USB_Device_Library/Core/Src/usbd_ctlreq.o
                              0x8d630 (size before relaxing)
 .debug_str     0x000915cb       0x51 ./Middlewares/ST/STM32_USB_Device_Library/Core/Src/usbd_ioreq.o
                              0x8d55d (size before relaxing)
 .debug_str     0x0009161c      0x105 ./USB_DEVICE/App/usb_device.o
                              0x8d8e8 (size before relaxing)
 .debug_str     0x00091721       0x7d ./USB_DEVICE/App/usbd_cdc_if.o
                              0x8d90e (size before relaxing)
 .debug_str     0x0009179e      0x258 ./USB_DEVICE/App/usbd_desc.o
                              0x8d499 (size before relaxing)
 .debug_str     0x000919f6       0x6d ./USB_DEVICE/Target/usbd_conf.o
                              0x8e373 (size before relaxing)

.comment        0x00000000       0x43
 .comment       0x00000000       0x43 ./Core/Src/main.o
                                 0x44 (size before relaxing)
 .comment       0x00000043       0x44 ./Core/Src/stm32f1xx_hal_msp.o
 .comment       0x00000043       0x44 ./Core/Src/stm32f1xx_it.o
 .comment       0x00000043       0x44 ./Core/Src/system_stm32f1xx.o
 .comment       0x00000043       0x44 ./Drivers/STM32F1xx_HAL_Driver/Src/stm32f1xx_hal.o
 .comment       0x00000043       0x44 ./Drivers/STM32F1xx_HAL_Driver/Src/stm32f1xx_hal_adc.o
 .comment       0x00000043       0x44 ./Drivers/STM32F1xx_HAL_Driver/Src/stm32f1xx_hal_cortex.o
 .comment       0x00000043       0x44 ./Drivers/STM32F1xx_HAL_Driver/Src/stm32f1xx_hal_gpio.o
 .comment       0x00000043       0x44 ./Drivers/STM32F1xx_HAL_Driver/Src/stm32f1xx_hal_pcd.o
 .comment       0x00000043       0x44 ./Drivers/STM32F1xx_HAL_Driver/Src/stm32f1xx_hal_pcd_ex.o
 .comment       0x00000043       0x44 ./Drivers/STM32F1xx_HAL_Driver/Src/stm32f1xx_hal_rcc.o
 .comment       0x00000043       0x44 ./Drivers/STM32F1xx_HAL_Driver/Src/stm32f1xx_hal_rcc_ex.o
 .comment       0x00000043       0x44 ./Drivers/STM32F1xx_HAL_Driver/Src/stm32f1xx_hal_tim.o
 .comment       0x00000043       0x44 ./Drivers/STM32F1xx_HAL_Driver/Src/stm32f1xx_hal_tim_ex.o
 .comment       0x00000043       0x44 ./Drivers/STM32F1xx_HAL_Driver/Src/stm32f1xx_ll_usb.o
 .comment       0x00000043       0x44 ./Middlewares/ST/STM32_USB_Device_Library/Class/CDC/Src/usbd_cdc.o
 .comment       0x00000043       0x44 ./Middlewares/ST/STM32_USB_Device_Library/Core/Src/usbd_core.o
 .comment       0x00000043       0x44 ./Middlewares/ST/STM32_USB_Device_Library/Core/Src/usbd_ctlreq.o
 .comment       0x00000043       0x44 ./Middlewares/ST/STM32_USB_Device_Library/Core/Src/usbd_ioreq.o
 .comment       0x00000043       0x44 ./USB_DEVICE/App/usb_device.o
 .comment       0x00000043       0x44 ./USB_DEVICE/App/usbd_cdc_if.o
 .comment       0x00000043       0x44 ./USB_DEVICE/App/usbd_desc.o
 .comment       0x00000043       0x44 ./USB_DEVICE/Target/usbd_conf.o

.debug_frame    0x00000000     0x4500
 .debug_frame   0x00000000      0x124 ./Core/Src/main.o
 .debug_frame   0x00000124       0xd0 ./Core/Src/stm32f1xx_hal_msp.o
 .debug_frame   0x000001f4      0x120 ./Core/Src/stm32f1xx_it.o
 .debug_frame   0x00000314       0x58 ./Core/Src/system_stm32f1xx.o
 .debug_frame   0x0000036c      0x334 ./Drivers/STM32F1xx_HAL_Driver/Src/stm32f1xx_hal.o
 .debug_frame   0x000006a0      0x40c ./Drivers/STM32F1xx_HAL_Driver/Src/stm32f1xx_hal_adc.o
 .debug_frame   0x00000aac      0x428 ./Drivers/STM32F1xx_HAL_Driver/Src/stm32f1xx_hal_cortex.o
 .debug_frame   0x00000ed4      0x14c ./Drivers/STM32F1xx_HAL_Driver/Src/stm32f1xx_hal_gpio.o
 .debug_frame   0x00001020      0x594 ./Drivers/STM32F1xx_HAL_Driver/Src/stm32f1xx_hal_pcd.o
 .debug_frame   0x000015b4       0xb0 ./Drivers/STM32F1xx_HAL_Driver/Src/stm32f1xx_hal_pcd_ex.o
 .debug_frame   0x00001664      0x218 ./Drivers/STM32F1xx_HAL_Driver/Src/stm32f1xx_hal_rcc.o
 .debug_frame   0x0000187c       0x80 ./Drivers/STM32F1xx_HAL_Driver/Src/stm32f1xx_hal_rcc_ex.o
 .debug_frame   0x000018fc     0x11b8 ./Drivers/STM32F1xx_HAL_Driver/Src/stm32f1xx_hal_tim.o
 .debug_frame   0x00002ab4      0x638 ./Drivers/STM32F1xx_HAL_Driver/Src/stm32f1xx_hal_tim_ex.o
 .debug_frame   0x000030ec      0x470 ./Drivers/STM32F1xx_HAL_Driver/Src/stm32f1xx_ll_usb.o
 .debug_frame   0x0000355c      0x248 ./Middlewares/ST/STM32_USB_Device_Library/Class/CDC/Src/usbd_cdc.o
 .debug_frame   0x000037a4      0x300 ./Middlewares/ST/STM32_USB_Device_Library/Core/Src/usbd_core.o
 .debug_frame   0x00003aa4      0x218 ./Middlewares/ST/STM32_USB_Device_Library/Core/Src/usbd_ctlreq.o
 .debug_frame   0x00003cbc      0x10c ./Middlewares/ST/STM32_USB_Device_Library/Core/Src/usbd_ioreq.o
 .debug_frame   0x00003dc8       0x2c ./USB_DEVICE/App/usb_device.o
 .debug_frame   0x00003df4       0xbc ./USB_DEVICE/App/usbd_cdc_if.o
 .debug_frame   0x00003eb0      0x160 ./USB_DEVICE/App/usbd_desc.o
 .debug_frame   0x00004010      0x4a4 ./USB_DEVICE/Target/usbd_conf.o
 .debug_frame   0x000044b4       0x20 C:/ST/STM32CubeIDE_1.16.1/STM32CubeIDE/plugins/com.st.stm32cube.ide.mcu.externaltools.gnu-tools-for-stm32.12.3.rel1.win32_1.0.200.202406191623/tools/bin/../lib/gcc/arm-none-eabi/12.3.1/../../../../arm-none-eabi/lib/thumb/v7-m/nofp\libc_nano.a(libc_a-memset.o)
 .debug_frame   0x000044d4       0x2c C:/ST/STM32CubeIDE_1.16.1/STM32CubeIDE/plugins/com.st.stm32cube.ide.mcu.externaltools.gnu-tools-for-stm32.12.3.rel1.win32_1.0.200.202406191623/tools/bin/../lib/gcc/arm-none-eabi/12.3.1/../../../../arm-none-eabi/lib/thumb/v7-m/nofp\libc_nano.a(libc_a-init.o)

.debug_line_str
                0x00000000       0x6c
 .debug_line_str
                0x00000000       0x6c ./Core/Startup/startup_stm32f103c8tx.o
